[    0.000000] Linux version 4.15.0-191-generic (buildd@lcy02-amd64-032) (gcc version 7.5.0 (Ubuntu 7.5.0-3ubuntu1~18.04)) #202-Ubuntu SMP Thu Aug 4 01:49:29 UTC 2022 (Ubuntu 4.15.0-191.202-generic 4.15.18)
[    0.000000] Command line: BOOT_IMAGE=/boot/vmlinuz-4.15.0-191-generic root=LABEL=cloudimg-rootfs ro console=tty1 console=ttyS0
[    0.000000] KERNEL supported cpus:
[    0.000000]   Intel GenuineIntel
[    0.000000]   AMD AuthenticAMD
[    0.000000]   Centaur CentaurHauls
[    0.000000] [Firmware Bug]: TSC doesn't count with P0 frequency!
[    0.000000] random: get_random_u32 called from bsp_init_amd+0x207/0x2c0 with crng_init=0
[    0.000000] x86/fpu: Supporting XSAVE feature 0x001: 'x87 floating point registers'
[    0.000000] x86/fpu: Supporting XSAVE feature 0x002: 'SSE registers'
[    0.000000] x86/fpu: Supporting XSAVE feature 0x004: 'AVX registers'
[    0.000000] x86/fpu: xstate_offset[2]:  576, xstate_sizes[2]:  256
[    0.000000] x86/fpu: Enabled xstate features 0x7, context size is 832 bytes, using 'standard' format.
[    0.000000] e820: BIOS-provided physical RAM map:
[    0.000000] BIOS-e820: [mem 0x0000000000000000-0x000000000009fbff] usable
[    0.000000] BIOS-e820: [mem 0x000000000009fc00-0x000000000009ffff] reserved
[    0.000000] BIOS-e820: [mem 0x00000000000f0000-0x00000000000fffff] reserved
[    0.000000] BIOS-e820: [mem 0x0000000000100000-0x000000003ffeffff] usable
[    0.000000] BIOS-e820: [mem 0x000000003fff0000-0x000000003fffffff] ACPI data
[    0.000000] BIOS-e820: [mem 0x00000000fec00000-0x00000000fec00fff] reserved
[    0.000000] BIOS-e820: [mem 0x00000000fee00000-0x00000000fee00fff] reserved
[    0.000000] BIOS-e820: [mem 0x00000000fffc0000-0x00000000ffffffff] reserved
[    0.000000] NX (Execute Disable) protection: active
[    0.000000] SMBIOS 2.5 present.
[    0.000000] DMI: innotek GmbH VirtualBox/VirtualBox, BIOS VirtualBox 12/01/2006
[    0.000000] Hypervisor detected: KVM
[    0.000000] e820: last_pfn = 0x3fff0 max_arch_pfn = 0x400000000
[    0.000000] MTRR: Disabled
[    0.000000] x86/PAT: MTRRs disabled, skipping PAT initialization too.
[    0.000000] CPU MTRRs all blank - virtualized system.
[    0.000000] x86/PAT: Configuration [0-7]: WB  WT  UC- UC  WB  WT  UC- UC  
[    0.000000] found SMP MP-table at [mem 0x0009fff0-0x0009ffff]
[    0.000000] Scanning 1 areas for low memory corruption
[    0.000000] RAMDISK: [mem 0x359cb000-0x36cdcfff]
[    0.000000] ACPI: Early table checksum verification disabled
[    0.000000] ACPI: RSDP 0x00000000000E0000 000024 (v02 VBOX  )
[    0.000000] ACPI: XSDT 0x000000003FFF0030 00003C (v01 VBOX   VBOXXSDT 00000001 ASL  00000061)
[    0.000000] ACPI: FACP 0x000000003FFF00F0 0000F4 (v04 VBOX   VBOXFACP 00000001 ASL  00000061)
[    0.000000] ACPI: DSDT 0x000000003FFF0470 002325 (v02 VBOX   VBOXBIOS 00000002 INTL 20100528)
[    0.000000] ACPI: FACS 0x000000003FFF0200 000040
[    0.000000] ACPI: FACS 0x000000003FFF0200 000040
[    0.000000] ACPI: APIC 0x000000003FFF0240 00005C (v02 VBOX   VBOXAPIC 00000001 ASL  00000061)
[    0.000000] ACPI: SSDT 0x000000003FFF02A0 0001CC (v01 VBOX   VBOXCPUT 00000002 INTL 20100528)
[    0.000000] ACPI: Reserving FACP table memory at [mem 0x3fff00f0-0x3fff01e3]
[    0.000000] ACPI: Reserving DSDT table memory at [mem 0x3fff0470-0x3fff2794]
[    0.000000] ACPI: Reserving FACS table memory at [mem 0x3fff0200-0x3fff023f]
[    0.000000] ACPI: Reserving FACS table memory at [mem 0x3fff0200-0x3fff023f]
[    0.000000] ACPI: Reserving APIC table memory at [mem 0x3fff0240-0x3fff029b]
[    0.000000] ACPI: Reserving SSDT table memory at [mem 0x3fff02a0-0x3fff046b]
[    0.000000] No NUMA configuration found
[    0.000000] Faking a node at [mem 0x0000000000000000-0x000000003ffeffff]
[    0.000000] NODE_DATA(0) allocated [mem 0x3ffc5000-0x3ffeffff]
[    0.000000] kvm-clock: cpu 0, msr 0:3ff44001, primary cpu clock
[    0.000000] kvm-clock: Using msrs 4b564d01 and 4b564d00
[    0.000000] kvm-clock: using sched offset of 4702892441 cycles
[    0.000000] clocksource: kvm-clock: mask: 0xffffffffffffffff max_cycles: 0x1cd42e4dffb, max_idle_ns: 881590591483 ns
[    0.000000] Zone ranges:
[    0.000000]   DMA      [mem 0x0000000000001000-0x0000000000ffffff]
[    0.000000]   DMA32    [mem 0x0000000001000000-0x000000003ffeffff]
[    0.000000]   Normal   empty
[    0.000000]   Device   empty
[    0.000000] Movable zone start for each node
[    0.000000] Early memory node ranges
[    0.000000]   node   0: [mem 0x0000000000001000-0x000000000009efff]
[    0.000000]   node   0: [mem 0x0000000000100000-0x000000003ffeffff]
[    0.000000] Reserved but unavailable: 104 pages
[    0.000000] Initmem setup node 0 [mem 0x0000000000001000-0x000000003ffeffff]
[    0.000000] ACPI: PM-Timer IO Port: 0x4008
[    0.000000] IOAPIC[0]: apic_id 2, version 32, address 0xfec00000, GSI 0-23
[    0.000000] ACPI: INT_SRC_OVR (bus 0 bus_irq 0 global_irq 2 dfl dfl)
[    0.000000] ACPI: INT_SRC_OVR (bus 0 bus_irq 9 global_irq 9 low level)
[    0.000000] Using ACPI (MADT) for SMP configuration information
[    0.000000] smpboot: Allowing 2 CPUs, 0 hotplug CPUs
[    0.000000] PM: Registered nosave memory: [mem 0x00000000-0x00000fff]
[    0.000000] PM: Registered nosave memory: [mem 0x0009f000-0x0009ffff]
[    0.000000] PM: Registered nosave memory: [mem 0x000a0000-0x000effff]
[    0.000000] PM: Registered nosave memory: [mem 0x000f0000-0x000fffff]
[    0.000000] e820: [mem 0x40000000-0xfebfffff] available for PCI devices
[    0.000000] Booting paravirtualized kernel on KVM
[    0.000000] clocksource: refined-jiffies: mask: 0xffffffff max_cycles: 0xffffffff, max_idle_ns: 7645519600211568 ns
[    0.000000] setup_percpu: NR_CPUS:8192 nr_cpumask_bits:2 nr_cpu_ids:2 nr_node_ids:1
[    0.000000] percpu: Embedded 50 pages/cpu s167936 r8192 d28672 u1048576
[    0.000000] PV qspinlock hash table entries: 256 (order: 0, 4096 bytes)
[    0.000000] Built 1 zonelists, mobility grouping on.  Total pages: 257913
[    0.000000] Policy zone: DMA32
[    0.000000] Kernel command line: BOOT_IMAGE=/boot/vmlinuz-4.15.0-191-generic root=LABEL=cloudimg-rootfs ro console=tty1 console=ttyS0
[    0.000000] Memory: 982648K/1048120K available (12300K kernel code, 2484K rwdata, 4324K rodata, 2468K init, 2724K bss, 65472K reserved, 0K cma-reserved)
[    0.000000] SLUB: HWalign=64, Order=0-3, MinObjects=0, CPUs=2, Nodes=1
[    0.000000] ftrace: allocating 39485 entries in 155 pages
[    0.004000] Hierarchical RCU implementation.
[    0.004000] 	RCU restricting CPUs from NR_CPUS=8192 to nr_cpu_ids=2.
[    0.004000] 	Tasks RCU enabled.
[    0.004000] RCU: Adjusting geometry for rcu_fanout_leaf=16, nr_cpu_ids=2
[    0.004000] NR_IRQS: 524544, nr_irqs: 440, preallocated irqs: 16
[    0.004000] Console: colour VGA+ 80x25
[    0.004000] console [tty1] enabled
[    0.004000] console [ttyS0] enabled
[    0.004000] ACPI: Core revision 20170831
[    0.004000] ACPI: 2 ACPI AML tables successfully acquired and loaded
[    0.004000] APIC: Switch to symmetric I/O mode setup
[    0.004000] x2apic enabled
[    0.004013] Switched APIC routing to physical x2apic.
[    0.009500] ..TIMER: vector=0x30 apic1=0 pin1=2 apic2=-1 pin2=-1
[    0.012012] tsc: Detected 3293.844 MHz processor
[    0.016020] Calibrating delay loop (skipped) preset value.. 6587.68 BogoMIPS (lpj=13175376)
[    0.020012] pid_max: default: 32768 minimum: 301
[    0.024131] Security Framework initialized
[    0.028013] Yama: becoming mindful.
[    0.032064] AppArmor: AppArmor initialized
[    0.040131] Dentry cache hash table entries: 131072 (order: 8, 1048576 bytes)
[    0.044131] Inode-cache hash table entries: 65536 (order: 7, 524288 bytes)
[    0.048054] Mount-cache hash table entries: 2048 (order: 2, 16384 bytes)
[    0.052029] Mountpoint-cache hash table entries: 2048 (order: 2, 16384 bytes)
[    0.056361] Last level iTLB entries: 4KB 512, 2MB 1024, 4MB 512
[    0.060012] Last level dTLB entries: 4KB 1024, 2MB 1024, 4MB 512, 1GB 0
[    0.064012] Spectre V1 : Mitigation: usercopy/swapgs barriers and __user pointer sanitization
[    0.068014] Spectre V2 : Mitigation: Retpolines
[    0.072003] Spectre V2 : Spectre v2 / SpectreRSB mitigation: Filling RSB on context switch
[    0.076231] Freeing SMP alternatives memory: 36K
[    0.196832] smpboot: CPU0: AMD A8-7650K Radeon R7, 10 Compute Cores 4C+6G (family: 0x15, model: 0x30, stepping: 0x1)
[    0.200152] Performance Events: PMU not available due to virtualization, using software events only.
[    0.204130] Hierarchical SRCU implementation.
[    0.208853] NMI watchdog: Perf event create on CPU 0 failed with -2
[    0.212011] NMI watchdog: Perf NMI watchdog permanently disabled
[    0.216127] smp: Bringing up secondary CPUs ...
[    0.220208] x86: Booting SMP configuration:
[    0.224014] .... node  #0, CPUs:      #1
[    0.004000] kvm-clock: cpu 1, msr 0:3ff44041, secondary cpu clock
[    0.276057] smp: Brought up 1 node, 2 CPUs
[    0.280020] smpboot: Max logical packages: 1
[    0.284011] smpboot: Total of 2 processors activated (13175.37 BogoMIPS)
[    0.288226] devtmpfs: initialized
[    0.292101] x86/mm: Memory block size: 128MB
[    0.296324] evm: security.selinux
[    0.300009] evm: security.SMACK64
[    0.304003] evm: security.SMACK64EXEC
[    0.308011] evm: security.SMACK64TRANSMUTE
[    0.312012] evm: security.SMACK64MMAP
[    0.316003] evm: security.apparmor
[    0.320003] evm: security.ima
[    0.324003] evm: security.capability
[    0.332132] clocksource: jiffies: mask: 0xffffffff max_cycles: 0xffffffff, max_idle_ns: 7645041785100000 ns
[    0.388032] futex hash table entries: 512 (order: 3, 32768 bytes)
[    0.416106] pinctrl core: initialized pinctrl subsystem
[    0.452038] RTC time: 20:22:30, date: 08/17/22
[    0.472342] NET: Registered protocol family 16
[    0.492143] audit: initializing netlink subsys (disabled)
[    0.516081] audit: type=2000 audit(1660767753.656:1): state=initialized audit_enabled=0 res=1
[    0.520035] cpuidle: using governor ladder
[    0.524063] cpuidle: using governor menu
[    0.544118] ACPI: bus type PCI registered
[    0.560018] acpiphp: ACPI Hot Plug PCI Controller Driver version: 0.5
[    0.596041] PCI: Using configuration type 1 for base access
[    0.620012] PCI: Using configuration type 1 for extended access
[    0.649139] HugeTLB registered 2.00 MiB page size, pre-allocated 0 pages
[    0.652123] ACPI: Added _OSI(Module Device)
[    0.684034] ACPI: Added _OSI(Processor Device)
[    0.716034] ACPI: Added _OSI(3.0 _SCP Extensions)
[    0.736012] ACPI: Added _OSI(Processor Aggregator Device)
[    0.760016] ACPI: Added _OSI(Linux-Dell-Video)
[    0.784014] ACPI: Added _OSI(Linux-Lenovo-NV-HDMI-Audio)
[    0.808013] ACPI: Added _OSI(Linux-HPI-Hybrid-Graphics)
[    0.836489] ACPI: Executed 1 blocks of module-level executable AML code
[    0.869525] ACPI: Interpreter enabled
[    0.884044] ACPI: (supports S0 S5)
[    0.896005] ACPI: Using IOAPIC for interrupt routing
[    0.920345] PCI: Using host bridge windows from ACPI; if necessary, use "pci=nocrs" and report a bug
[    0.956313] ACPI: Enabled 2 GPEs in block 00 to 07
[    0.986138] ACPI: PCI Root Bridge [PCI0] (domain 0000 [bus 00-ff])
[    1.012030] acpi PNP0A03:00: _OSC: OS supports [ExtendedConfig ASPM ClockPM Segments MSI]
[    1.049213] acpi PNP0A03:00: _OSC: platform does not support [PCIeCapability]
[    1.080639] acpi PNP0A03:00: _OSC: not requesting control; platform does not support [PCIeCapability]
[    1.124020] acpi PNP0A03:00: _OSC: OS requested [PCIeHotplug PME AER PCIeCapability]
[    1.160008] acpi PNP0A03:00: _OSC: platform willing to grant [PCIeHotplug PME AER]
[    1.192018] acpi PNP0A03:00: _OSC failed (AE_SUPPORT); disabling ASPM
[    1.220664] PCI host bridge to bus 0000:00
[    1.240015] pci_bus 0000:00: root bus resource [io  0x0000-0x0cf7 window]
[    1.268015] pci_bus 0000:00: root bus resource [io  0x0d00-0xffff window]
[    1.296025] pci_bus 0000:00: root bus resource [mem 0x000a0000-0x000bffff window]
[    1.328012] pci_bus 0000:00: root bus resource [mem 0x40000000-0xfdffffff window]
[    1.360008] pci_bus 0000:00: root bus resource [bus 00-ff]
[    1.389950] pci 0000:00:01.1: legacy IDE quirk: reg 0x10: [io  0x01f0-0x01f7]
[    1.420014] pci 0000:00:01.1: legacy IDE quirk: reg 0x14: [io  0x03f6]
[    1.444016] pci 0000:00:01.1: legacy IDE quirk: reg 0x18: [io  0x0170-0x0177]
[    1.476012] pci 0000:00:01.1: legacy IDE quirk: reg 0x1c: [io  0x0376]
[    1.542173] pci 0000:00:07.0: quirk: [io  0x4000-0x403f] claimed by PIIX4 ACPI
[    1.576033] pci 0000:00:07.0: quirk: [io  0x4100-0x410f] claimed by PIIX4 SMB
[    1.637887] ACPI: PCI Interrupt Link [LNKA] (IRQs 5 9 10 *11)
[    1.660458] ACPI: PCI Interrupt Link [LNKB] (IRQs 5 9 *10 11)
[    1.684107] ACPI: PCI Interrupt Link [LNKC] (IRQs 5 *9 10 11)
[    1.708153] ACPI: PCI Interrupt Link [LNKD] (IRQs 5 9 10 *11)
[    1.732876] SCSI subsystem initialized
[    1.748084] pci 0000:00:02.0: vgaarb: setting as boot VGA device
[    1.752000] pci 0000:00:02.0: vgaarb: VGA device added: decodes=io+mem,owns=io+mem,locks=none
[    1.812032] pci 0000:00:02.0: vgaarb: bridge control possible
[    1.840024] vgaarb: loaded
[    1.864093] ACPI: bus type USB registered
[    1.868095] usbcore: registered new interface driver usbfs
[    1.872057] usbcore: registered new interface driver hub
[    1.876045] usbcore: registered new device driver usb
[    1.880104] EDAC MC: Ver: 3.0.0
[    1.884391] PCI: Using ACPI for IRQ routing
[    1.888536] NetLabel: Initializing
[    1.892006] NetLabel:  domain hash size = 128
[    1.896003] NetLabel:  protocols = UNLABELED CIPSOv4 CALIPSO
[    1.900040] NetLabel:  unlabeled traffic allowed by default
[    1.904133] clocksource: Switched to clocksource kvm-clock
[    1.950894] VFS: Disk quotas dquot_6.6.0
[    1.970113] VFS: Dquot-cache hash table entries: 512 (order 0, 4096 bytes)
[    2.000295] AppArmor: AppArmor Filesystem Enabled
[    2.020900] pnp: PnP ACPI init
[    2.036899] pnp: PnP ACPI: found 3 devices
[    2.068517] clocksource: acpi_pm: mask: 0xffffff max_cycles: 0xffffff, max_idle_ns: 2085701024 ns
[    2.108355] NET: Registered protocol family 2
[    2.126719] IP idents hash table entries: 16384 (order: 5, 131072 bytes)
[    2.158089] TCP established hash table entries: 8192 (order: 4, 65536 bytes)
[    2.188917] TCP bind hash table entries: 8192 (order: 5, 131072 bytes)
[    2.216165] TCP: Hash tables configured (established 8192 bind 8192)
[    2.241876] UDP hash table entries: 512 (order: 2, 16384 bytes)
[    2.268729] UDP-Lite hash table entries: 512 (order: 2, 16384 bytes)
[    2.296957] NET: Registered protocol family 1
[    2.318093] pci 0000:00:00.0: Limiting direct PCI/PCI transfers
[    2.344497] pci 0000:00:01.0: Activating ISA DMA hang workarounds
[    2.370111] pci 0000:00:02.0: Video device with shadowed ROM at [mem 0x000c0000-0x000dffff]
[    2.408752] Unpacking initramfs...
[    2.807338] Freeing initrd memory: 19528K
[    2.829559] clocksource: tsc: mask: 0xffffffffffffffff max_cycles: 0x2f7a94e9cb8, max_idle_ns: 440795337031 ns
[    2.876597] platform rtc_cmos: registered platform RTC device (no PNP device found)
[    2.924205] Scanning for low memory corruption every 60 seconds
[    2.950700] Initialise system trusted keyrings
[    2.983086] Key type blacklist registered
[    3.001024] workingset: timestamp_bits=36 max_order=18 bucket_order=0
[    3.031335] zbud: loaded
[    3.042266] squashfs: version 4.0 (2009/01/31) Phillip Lougher
[    3.069431] fuse init (API version 7.26)
[    3.092608] Key type asymmetric registered
[    3.111379] Asymmetric key parser 'x509' registered
[    3.132674] Block layer SCSI generic (bsg) driver version 0.4 loaded (major 246)
[    3.164349] io scheduler noop registered
[    3.182477] io scheduler deadline registered
[    3.201456] io scheduler cfq registered (default)
[    3.222171] ACPI: AC Adapter [AC] (on-line)
[    3.242627] input: Power Button as /devices/LNXSYSTM:00/LNXPWRBN:00/input/input0
[    3.272733] ACPI: Power Button [PWRF]
[    3.289428] input: Sleep Button as /devices/LNXSYSTM:00/LNXSLPBN:00/input/input1
[    3.325031] ACPI: Sleep Button [SLPF]
[    3.340257] Serial: 8250/16550 driver, 32 ports, IRQ sharing enabled
[    3.388255] 00:02: ttyS0 at I/O 0x3f8 (irq = 4, base_baud = 115200) is a 16550A
[    3.425406] Linux agpgart interface v0.103
[    3.443705] loop: module loaded
[    3.457427] scsi host0: ata_piix
[    3.472060] scsi host1: ata_piix
[    3.484247] ata1: PATA max UDMA/33 cmd 0x1f0 ctl 0x3f6 bmdma 0xd000 irq 14
[    3.515372] ata2: PATA max UDMA/33 cmd 0x170 ctl 0x376 bmdma 0xd008 irq 15
[    3.545222] tun: Universal TUN/TAP device driver, 1.6
[    3.568864] PPP generic driver version 2.4.2
[    3.585016] ehci_hcd: USB 2.0 'Enhanced' Host Controller (EHCI) Driver
[    3.614772] ehci-pci: EHCI PCI platform driver
[    3.634049] ehci-platform: EHCI generic platform driver
[    3.657521] ohci_hcd: USB 1.1 'Open' Host Controller (OHCI) Driver
[    3.682747] ohci-pci: OHCI PCI platform driver
[    3.701771] ohci-platform: OHCI generic platform driver
[    3.722030] uhci_hcd: USB Universal Host Controller Interface driver
[    3.750949] i8042: PNP: PS/2 Controller [PNP0303:PS2K,PNP0f03:PS2M] at 0x60,0x64 irq 1,12
[    3.754771] serio: i8042 KBD port at 0x60,0x64 irq 1
[    3.754771] serio: i8042 AUX port at 0x60,0x64 irq 12
[    3.829110] mousedev: PS/2 mouse device common for all mice
[    3.852322] input: AT Translated Set 2 keyboard as /devices/platform/i8042/serio0/input/input2
[    3.860435] rtc_cmos rtc_cmos: rtc core: registered rtc_cmos as rtc0
[    3.914202] rtc_cmos rtc_cmos: alarms up to one day, 114 bytes nvram
[    3.939678] i2c /dev entries driver
[    3.954159] device-mapper: uevent: version 1.0.3
[    3.975082] device-mapper: ioctl: 4.37.0-ioctl (2017-09-20) initialised: dm-devel@redhat.com
[    4.011626] ledtrig-cpu: registered to indicate activity on CPUs
[    4.036678] x86/pm: family 0x15 cpu detected, MSR saving is needed during suspending.
[    4.069638] NET: Registered protocol family 10
[    4.095142] Segment Routing with IPv6
[    4.110673] NET: Registered protocol family 17
[    4.128794] Key type dns_resolver registered
[    4.158811] mce: Using 0 MCE banks
[    4.176230] RAS: Correctable Errors collector initialized.
[    4.200566] sched_clock: Marking stable (4200510548, 0)->(8043501281, -3842990733)
[    4.244029] registered taskstats version 1
[    4.262091] Loading compiled-in X.509 certificates
[    4.287737] Loaded X.509 cert 'Build time autogenerated kernel key: c22b55fccca0ab4a1b471e83eb5a5035df964114'
[    4.331607] Loaded X.509 cert 'Canonical Ltd. Live Patch Signing: 14df34d1a87cf37625abec039ef2bf521249b969'
[    4.375465] Loaded X.509 cert 'Canonical Ltd. Kernel Module Signing: 88f752e560a1e0737e31163a466ad7b70a850c19'
[    4.418844] blacklist: Loading compiled-in revocation X.509 certificates
[    4.446220] Loaded X.509 cert 'Canonical Ltd. Secure Boot Signing: 61482aa2830d0ab2ad5af10b7250da9033ddcef0'
[    4.490172] zswap: loaded using pool lzo/zbud
[    4.513226] Key type big_key registered
[    4.528346] Key type trusted registered
[    4.547993] Key type encrypted registered
[    4.565021] AppArmor: AppArmor sha1 policy hashing enabled
[    4.589526] ima: No TPM chip found, activating TPM-bypass! (rc=-19)
[    4.628365] ima: Allocated hash algorithm: sha1
[    4.649992] evm: HMAC attrs: 0x1
[    4.662582]   Magic number: 2:236:397
[    4.678769] mem random: hash matches
[    4.693977] rtc_cmos rtc_cmos: setting system clock to 2022-08-17 20:22:35 UTC (1660767755)
[    4.729571] BIOS EDD facility v0.16 2004-Jun-25, 0 devices found
[    4.756996] EDD information not available.
[    4.778908] Freeing unused kernel image memory: 2468K
[    4.812616] Write protecting the kernel read-only data: 20480k
[    4.839048] Freeing unused kernel image memory: 2008K
[    4.861363] Freeing unused kernel image memory: 1820K
[    4.891784] x86/mm: Checked W+X mappings: passed, no W+X pages found.
Loading, please wait...
starting version 237
[    5.067117] Fusion MPT base driver 3.04.20
[    5.082705] Copyright (c) 1999-2008 LSI Corporation
[    5.112886] e1000: Intel(R) PRO/1000 Network Driver - version 7.3.21-k8-NAPI
[    5.142411] e1000: Copyright (c) 1999-2006 Intel Corporation.
[    5.182882] Fusion MPT SPI Host driver 3.04.20
[    5.214112] AVX version of gcm_enc/dec engaged.
[    5.440767] AES CTR mode by8 optimization enabled
[    5.552677] input: ImExPS/2 Generic Explorer Mouse as /devices/platform/i8042/serio1/input/input4
[    5.899783] e1000 0000:00:03.0 eth0: (PCI:33MHz:32-bit) 02:dd:70:87:b9:65
[    5.929269] e1000 0000:00:03.0 eth0: Intel(R) PRO/1000 Network Connection
[    6.383359] e1000 0000:00:08.0 eth1: (PCI:33MHz:32-bit) 08:00:27:f5:f6:1e
[    6.412039] e1000 0000:00:08.0 eth1: Intel(R) PRO/1000 Network Connection
[    6.443784] e1000 0000:00:03.0 enp0s3: renamed from eth0
[    6.466796] mptbase: ioc0: Initiating bringup
[    6.497396] e1000 0000:00:08.0 enp0s8: renamed from eth1
[    6.605456] ioc0: LSI53C1030 A0: Capabilities={Initiator}
[    6.870517] scsi host2: ioc0: LSI53C1030 A0, FwRev=00000000h, Ports=1, MaxQ=256, IRQ=20
[    7.068936] scsi 2:0:0:0: Direct-Access     VBOX     HARDDISK         1.0  PQ: 0 ANSI: 5
[    7.132073] scsi target2:0:0: Beginning Domain Validation
[    7.155060] scsi target2:0:0: Domain Validation skipping write tests
[    7.184272] scsi target2:0:0: Ending Domain Validation
[    7.206875] scsi target2:0:0: asynchronous
[    7.223801] scsi 2:0:1:0: Direct-Access     VBOX     HARDDISK         1.0  PQ: 0 ANSI: 5
[    7.796223] scsi target2:0:1: Beginning Domain Validation
[    7.821750] random: fast init done
[    7.838671] scsi target2:0:1: Domain Validation skipping write tests
[    7.867584] scsi target2:0:1: Ending Domain Validation
[    7.889346] scsi target2:0:1: asynchronous
[    7.968402] random: systemd-udevd: uninitialized urandom read (16 bytes read)
[    7.997337] random: systemd-udevd: uninitialized urandom read (16 bytes read)
[    7.997396] sd 2:0:0:0: Attached scsi generic sg0 type 0
[    8.042643] random: systemd-udevd: uninitialized urandom read (16 bytes read)
[    8.089239] sd 2:0:0:0: [sda] 83886080 512-byte logical blocks: (42.9 GB/40.0 GiB)
[    8.129554] sd 2:0:1:0: Attached scsi generic sg1 type 0
[    8.181287] sd 2:0:0:0: [sda] Write Protect is off
[    8.207073] sd 2:0:1:0: [sdb] 20480 512-byte logical blocks: (10.5 MB/10.0 MiB)
[    8.270639] sd 2:0:1:0: [sdb] Write Protect is off
[    8.270683] sd 2:0:0:0: [sda] Incomplete mode parameter data
[    8.325207] sd 2:0:0:0: [sda] Assuming drive cache: write through
[    8.351762] sd 2:0:1:0: [sdb] Incomplete mode parameter data
[    8.360273]  sda: sda1
[    8.396107] sd 2:0:1:0: [sdb] Assuming drive cache: write through
[    8.435382] sd 2:0:0:0: [sda] Attached SCSI disk
[    8.490245] sd 2:0:1:0: [sdb] Attached SCSI disk
Begin: Loading essential drivers ... [   10.268577] raid6: sse2x1   gen()  6127 MB/s
[   10.340614] raid6: sse2x1   xor()  4348 MB/s
[   10.412074] raid6: sse2x2   gen()  7146 MB/s
[   10.480584] raid6: sse2x2   xor()  6207 MB/s
[   10.544026] raid6: sse2x4   gen()  4284 MB/s
[   10.616218] raid6: sse2x4   xor()  3562 MB/s
[   10.633768] raid6: using algorithm sse2x2 gen() 7146 MB/s
[   10.653699] raid6: .... xor() 6207 MB/s, rmw enabled
[   10.673865] raid6: using ssse3x2 recovery algorithm
[   10.694600] xor: automatically using best checksumming function   avx       
[   10.725483] async_tx: api initialized (async)
done.
Begin: Running /scripts/init-premount ... done.
Begin: Mounting root file system ... Begin: Running /scripts/local-top ... done.
Begin: Running /scripts/local-premount ... [   10.807804] Btrfs loaded, crc32c=crc32c-intel
Scanning for Btrfs filesystems
done.
Warning: fsck not present, so skipping root file system
[   10.888686] EXT4-fs (sda1): mounted filesystem with ordered data mode. Opts: (null)
done.
Begin: Running /scripts/local-bottom ... done.
Begin: Running /scripts/init-bottom ... done.
[   12.184529] ip_tables: (C) 2000-2006 Netfilter Core Team
[   12.329537] systemd[1]: systemd 237 running in system mode. (+PAM +AUDIT +SELINUX +IMA +APPARMOR +SMACK +SYSVINIT +UTMP +LIBCRYPTSETUP +GCRYPT +GNUTLS +ACL +XZ +LZ4 +SECCOMP +BLKID +ELFUTILS +KMOD -IDN2 +IDN -PCRE2 default-hierarchy=hybrid)
[   12.416519] systemd[1]: Detected virtualization oracle.
[   12.439122] systemd[1]: Detected architecture x86-64.

Welcome to [1mUbuntu 18.04.6 LTS[0m!

[   12.504815] systemd[1]: Set hostname to <ubuntu>.
[   12.544660] systemd[1]: Initializing machine ID from random generator.
[   12.570602] systemd[1]: Installed transient /etc/machine-id file.
[   12.677203] random: crng init done
[   12.717972] random: 7 urandom warning(s) missed due to ratelimiting
[   14.473172] systemd[1]: Started Forward Password Requests to Wall Directory Watch.
[[0;32m  OK  [0m] Started Forward Password Requests to Wall Directory Watch.
[   14.525122] systemd[1]: Created slice User and Session Slice.
[[0;32m  OK  [0m] Created slice User and Session Slice.
[   14.561756] systemd[1]: Set up automount Arbitrary Executable File Formats File System Automount Point.
[[0;32m  OK  [0m] Set up automount Arbitrary Executabâ€¦rmats File System Automount Point.
[   14.617006] systemd[1]: Reached target Swap.
[[0;32m  OK  [0m] Reached target Swap.
[[0;32m  OK  [0m] Created slice System Slice.
[[0;32m  OK  [0m] Listening on LVM2 poll daemon socket.
[[0;32m  OK  [0m] Listening on Device-mapper event daemon FIFOs.
[[0;32m  OK  [0m] Listening on fsck to fsckd communication Socket.
[[0;32m  OK  [0m] Listening on Journal Socket.
         Starting Load Kernel Modules...
         Starting Set the console keyboard layout...
[[0;32m  OK  [0m] Listening on udev Control Socket.
[   14.773250] Loading iSCSI transport class v2.0-870.
[[0;32m  OK  [0m] Listening on /dev/initctl Compatibility Named Pipe.
         Starting File System Check on Root Device...
[   14.848184] iscsi: registered transport (tcp)
         Starting Uncomplicated firewall...
         Mounting POSIX Message Queue File System...
[[0;32m  OK  [0m] Reached target Slices.
         Mounting Huge Pages File System...
[[0;32m  OK  [0m] Created slice system-serial\x2dgetty.slice.
         Mounting Kernel Debug File System...
[[0;32m  OK  [0m] Reached target User and Group Name Lookups.
[[0;32m  OK  [0m] Listening on udev Kernel Socket.
         Starting udev Coldplug all Devices...
[[0;32m  OK  [0m] Listening on LVM2 metadata daemon socket.
[   15.205914] iscsi: registered transport (iser)
         Starting Monitoring of LVM2 mirrorsâ€¦ng dmeventd or progress polling...
[[0;32m  OK  [0m] Listening on Syslog Socket.
[[0;32m  OK  [0m] Listening on Journal Audit Socket.
[[0;32m  OK  [0m] Reached target System Time Synchronized.
[[0;32m  OK  [0m] Listening on Journal Socket (/dev/log).
         Starting Journal Service...
[[0;32m  OK  [0m] Listening on Network Service Netlink Socket.
         Starting Create list of required stâ€¦ce nodes for the current kernel...
[[0;32m  OK  [0m] Started Journal Service.
[[0;32m  OK  [0m] Started Load Kernel Modules.
[[0;32m  OK  [0m] Started Set the console keyboard layout.
[[0;32m  OK  [0m] Started File System Check on Root Device.
[[0;32m  OK  [0m] Started Uncomplicated firewall.
[[0;32m  OK  [0m] Mounted POSIX Message Queue File System.
[[0;32m  OK  [0m] Mounted Huge Pages File System.
[[0;32m  OK  [0m] Mounted Kernel Debug File System.
[[0;32m  OK  [0m] Started Create list of required staâ€¦vice nodes for the current kernel.
[[0;32m  OK  [0m] Started LVM2 metadata daemon.
[[0;32m  OK  [0m] Started File System Check Daemon to report status.
         Starting Create Static Device Nodes in /dev...
         Starting Remount Root and Kernel File Systems...
         Starting Apply Kernel Variables...
         Mounting FUSE Control File System...
         Mounting Kernel Configuration File System...
[[0;32m  OK  [0m] Started Monitoring of LVM2 mirrors,â€¦sing dmeventd or progress polling.
[[0;32m  OK  [0m] Started udev Coldplug all Devices.
[[0;32m  OK  [0m] Mounted FUSE Control File System.
[[0;32m  OK  [0m] Mounted Kernel Configuration File System.
[[0;32m  OK  [0m] Started Remount Root and Kernel File Systems.
         Starting Flush Journal to Persistent Storage...
         Starting Load/Save Random Seed...
[[0;32m  OK  [0m] Started Create Static Device Nodes in /dev.
[[0;32m  OK  [0m] Started Apply Kernel Variables.
[[0;32m  OK  [0m] Started Load/Save Random Seed.
[[0;32m  OK  [0m] Reached target Local File Systems (Pre).
[[0;32m  OK  [0m] Reached target Local File Systems.
         Starting Tell Plymouth To Write Out Runtime Data...
         Starting AppArmor initialization...
         Starting Commit a transient machine-id on disk...
         Starting ebtables ruleset management...
         Starting Set console font and keymap...
         Starting udev Kernel Device Manager...
[[0;32m  OK  [0m] Started Tell Plymouth To Write Out Runtime Data.
[[0;32m  OK  [0m] Started Set console font and keymap.
[[0;32m  OK  [0m] Started Flush Journal to Persistent Storage.
[[0;32m  OK  [0m] Started Commit a transient machine-id on disk.
[[0;32m  OK  [0m] Started udev Kernel Device Manager.
[[0;32m  OK  [0m] Started Dispatch Password Requests to Console Directory Watch.
[[0;32m  OK  [0m] Reached target Local Encrypted Volumes.
         Starting Create Volatile Files and Directories...
[[0;32m  OK  [0m] Started Create Volatile Files and Directories.
[[0;32m  OK  [0m] Started ebtables ruleset management.
         Starting Update UTMP about System Boot/Shutdown...
[[0;32m  OK  [0m] Started Update UTMP about System Boot/Shutdown.
[[0;32m  OK  [0m] Found device /dev/ttyS0.
[[0;32m  OK  [0m] Listening on Load/Save RF Kill Switch Status /dev/rfkill Watch.
[[0;32m  OK  [0m] Started AppArmor initialization.
         Starting Initial cloud-init job (pre-networking)...
         Starting Load AppArmor profiles managed internally by snapd...
[[0;32m  OK  [0m] Started Load AppArmor profiles managed internally by snapd.
[   24.115143] cloud-init[558]: Cloud-init v. 22.2-0ubuntu1~18.04.3 running 'init-local' at Wed, 17 Aug 2022 20:22:53 +0000. Up 23.11 seconds.
[[0;32m  OK  [0m] Started Initial cloud-init job (pre-networking).
[[0;32m  OK  [0m] Reached target Network (Pre).
         Starting Network Service...
[[0;32m  OK  [0m] Started Network Service.
         Starting Wait for Network to be Configured...
         Starting Network Name Resolution...
[[0;32m  OK  [0m] Started Network Name Resolution.
[[0;32m  OK  [0m] Reached target Host and Network Name Lookups.
[[0;32m  OK  [0m] Reached target Network.
[[0;32m  OK  [0m] Started Wait for Network to be Configured.
         Starting Initial cloud-init job (metadata service crawler)...
[   26.858842] cloud-init[670]: Cloud-init v. 22.2-0ubuntu1~18.04.3 running 'init' at Wed, 17 Aug 2022 20:22:57 +0000. Up 26.57 seconds.
[   26.888315] cloud-init[670]: ci-info: ++++++++++++++++++++++++++++++++++++++Net device info+++++++++++++++++++++++++++++++++++++++
[   26.913569] cloud-init[670]: ci-info: +--------+-------+----------------------------+---------------+--------+-------------------+
[   26.933235] cloud-init[670]: ci-info: | Device |   Up  |          Address           |      Mask     | Scope  |     Hw-Address    |
[   26.949069] cloud-init[670]: ci-info: +--------+-------+----------------------------+---------------+--------+-------------------+
[   26.976501] cloud-init[670]: ci-info: | enp0s3 |  True |         10.0.2.15          | 255.255.255.0 | global | 02:dd:70:87:b9:65 |
[   26.996625] cloud-init[670]: ci-info: | enp0s3 |  True | fe80::dd:70ff:fe87:b965/64 |       .       |  link  | 02:dd:70:87:b9:65 |
[   27.037088] cloud-init[670]: ci-info: | enp0s8 | False |             .              |       .       |   .    | 08:00:27:f5:f6:1e |
[   27.068298] cloud-init[670]: ci-info: |   lo   |  True |         127.0.0.1          |   255.0.0.0   |  host  |         .         |
[   27.084590] cloud-init[670]: ci-info: |   lo   |  True |          ::1/128           |       .       |  host  |         .         |
[   27.101259] cloud-init[670]: ci-info: +--------+-------+----------------------------+---------------+--------+-------------------+
[   27.142897] cloud-init[670]: ci-info: ++++++++++++++++++++++++++++Route IPv4 info+++++++++++++++++++++++++++++
[   27.164920] cloud-init[670]: ci-info: +-------+-------------+----------+-----------------+-----------+-------+
[   27.184731] cloud-init[670]: ci-info: | Route | Destination | Gateway  |     Genmask     | Interface | Flags |
[   27.228800] cloud-init[670]: ci-info: +-------+-------------+----------+-----------------+-----------+-------+
[   27.248625] cloud-init[670]: ci-info: |   0   |   0.0.0.0   | 10.0.2.2 |     0.0.0.0     |   enp0s3  |   UG  |
[   27.276299] cloud-init[670]: ci-info: |   1   |   10.0.2.0  | 0.0.0.0  |  255.255.255.0  |   enp0s3  |   U   |
[   27.328982] cloud-init[670]: ci-info: |   2   |   10.0.2.2  | 0.0.0.0  | 255.255.255.255 |   enp0s3  |   UH  |
[   27.368384] cloud-init[670]: ci-info: +-------+-------------+----------+-----------------+-----------+-------+
[   27.413278] cloud-init[670]: ci-info: +++++++++++++++++++Route IPv6 info+++++++++++++++++++
[   27.581206] cloud-init[670]: ci-info: +-------+-------------+---------+-----------+-------+
[   27.604578] cloud-init[670]: ci-info: | Route | Destination | Gateway | Interface | Flags |
[   27.620327] cloud-init[670]: ci-info: +-------+-------------+---------+-----------+-------+
[   27.632505] cloud-init[670]: ci-info: |   1   |  fe80::/64  |    ::   |   enp0s3  |   U   |
[   27.668501] cloud-init[670]: ci-info: |   3   |    local    |    ::   |   enp0s3  |   U   |
[   27.680615] cloud-init[670]: ci-info: |   4   |   ff00::/8  |    ::   |   enp0s3  |   U   |
[   27.710587] cloud-init[670]: ci-info: +-------+-------------+---------+-----------+-------+
[   30.537931] cloud-init[670]: Generating public/private rsa key pair.
[   30.552633] cloud-init[670]: Your identification has been saved in /etc/ssh/ssh_host_rsa_key.
[   30.573091] cloud-init[670]: Your public key has been saved in /etc/ssh/ssh_host_rsa_key.pub.
[   30.585593] cloud-init[670]: The key fingerprint is:
[   30.600700] cloud-init[670]: SHA256:DjqLieMSrTuKkSRsS/mktUnZQsil5rNiri54bkoXtTc root@ubuntu-bionic
[   30.617175] cloud-init[670]: The key's randomart image is:
[   30.632816] cloud-init[670]: +---[RSA 2048]----+
[   30.645016] cloud-init[670]: |   .             |
[[0;32m  OK  [0m] Started Initial cloud-init job (metadata service crawler).
[   30.657042] cloud-init[670]: |. +              |
[[0;32m  OK  [0m] Reached target Network is Online.
[   30.688485] cloud-init[670]: | = . .           |
[[   30.742788] cloud-init[670]: |+ o + .          |
[0;32m  OK  [0m] Reached target Remote File Systems (Pre).
[   30.742988] [cloud-init[0;32m  OK  [0m[670]: ] |.X B o.ES        |Reached target Remote File Systems.

         Starting Availability of block devices...
[[0;32m  OK  [0m] Reached target Cloud-config availability.
[[   30.774081] [0;32m  OK  [0mcloud-init] [670]: Reached target System Initialization.|*.@ =..o.        |

[[0;32m  OK  [0m] Started ACPI Events Check.
[   30.824920] cloud-init[670]: |=O =o   .        |
         Starting Socket activation for snappy daemon.
[   30.853247] cloud-init[670]: |&o+o o           |
[[   30.876572] [0;32m  OK  [0mcloud-init] [670]: Listening on cloud-init hotplug hook socket.|#%+ .            |

[   30.892588] cloud-init[670]: +----[SHA256]-----+
[[0;32m  OK  [0m] Started Message of the Day.
[   31.000413] cloud-init[670]: Generating public/private dsa key pair.
[[0;32m  OK  [0m] Listening on ACPID Listen Socket.
[[0;32m  OK  [0m] Reached target Paths.
[[0;32m  OK  [0m] Started Daily Cleanup of Temporary Directories.
[   31.016946] cloud-init[670]: Your identification has been saved in /etc/ssh/ssh_host_dsa_key.
[[0;32m  OK  [0m] Started Daily apt download activities.
[   31.089141] cloud-init[670]: Your public key has been saved in /etc/ssh/ssh_host_dsa_key.pub.
[[   31.104748] cloud-init[670]: The key fingerprint is:
[0;32m  OK  [0m] Started Daily apt upgrade and clean activities.
[   31.104876] cloud-init[670]: SHA256:jB4h8ucLpV2kc31aZ+4oNdExXMQznBXyoeZDN7KxJB8 root@ubuntu-bionic
[[0;32m  OK  [0m] Listening on UUID daemon activation socket.
[   31.137251] [[0;32m  OK  [0m] Listening on D-Bus System Message Bus Socket.
cloud-init[670]: The key's randomart image is:
[[0;32m  OK  [0m] Started Discard unused blocks once a week.
[   31.164389] cloud-init[670]: +---[DSA 1024]----+
[[0;32m  OK  [0m] Listening on Open-iSCSI iscsid Socket.
[   31.189760] cloud-init[670]: |             o.*B|
         [   31.216434] Starting LXD - unix socket.cloud-init
[670]: |              B=o|
[[   31.228852] cloud-init[670]: |  . . . .  . E *o|
[0;32m  OK  [0m] Started Ubuntu Advantage Timer for running repeated jobs.
[   31.229051] cloud-init[670]: |   o . * .  O O .|
[[0;32m  OK  [0m] Reached target Timers.
[   31.240851] cloud-init[670]: |    . B S . oBo  |
[[0;32m  OK  [0m] Started Availability of block devices.
[   31.264999] cloud-init[670]: |     B =   +o+.  |
[   31.292402] cloud-init[670]: |    o +   .. ..  |
[[0;32m  OK  [0m] Listening on Socket activation for snappy daemon.
[[0;32m  OK  [0m] Listening on LXD - unix socket.
[   31.292809] cloud-init[670]: |     . .  .  o   |
[[0;32m  OK  [0m] Reached target Sockets.
[   31.324447] cloud-init[670]: |      .    .. .  |
[[0;32m  OK  [0m] Reached target Basic System.
[   31.368822] cloud-init[670]: +----[SHA256]-----+
[   31.396876] cloud-init[670]: Generating public/private ecdsa key pair.
[   31.397011] cloud-init[670]: Your identification has been saved in /etc/ssh/ssh_host_ecdsa_key.
         Starting LSB: Record successful boot for GRUB...
[[0;32m  OK  [0m] Started FUSE filesystem for LXC.
[   31.397201] cloud-init[670]: Your public key has been saved in /etc/ssh/ssh_host_ecdsa_key.pub.
         Starting LXD - container startup/shutdown...
[   31.502123] cloud-init[670]: The key fingerprint is:
         Starting LSB: automatic crash report generation...
[   31.586500] cloud-init[670]: SHA256:H8aVfqpsQSMWKNRTSqy4sbcgvjZyT6QcViR5mrtJ46g root@ubuntu-bionic
[   31.648746] cloud-init[670]: The key's randomart image is:
         [   31.673217] Starting System Logging Service...cloud-init
[670]: +---[ECDSA 256]---+
[   31.689644] cloud-init[670]: |  .ooo.o.        |
[[0;32m  OK  [0m] Started Deferred execution scheduler.
[   31.689731] cloud-init[670]: |  .oo.=..    .   |
[[   31.733997] [0;32m  OK  [0mcloud-init] [670]: Started irqbalance daemon.|   =.o.. .  o    |

[   31.734337] cloud-init[670]: |  =..   o.oo     |
[[0;32m  OK  [0m] Started D-Bus System Message Bus.
[   31.792583] cloud-init[670]: |  o=.  .So+.. .  |
[   31.820798] cloud-init[670]: |.oB+.    o.. o   |
[   31.840295] cloud-init[670]: |.=o*..    ...    |
[   31.856768] cloud-init[670]: |o+=..    ...     |
[   31.892926] cloud-init[670]: |Eoo..    .o      |
[   31.912499] cloud-init[670]: +----[SHA256]-----+
[   31.956287] cloud-init[670]: Generating public/private ed25519 key pair.
[   31.988505] cloud-init[670]: Your identification has been saved in /etc/ssh/ssh_host_ed25519_key.
[   32.024634] cloud-init[670]: Your public key has been saved in /etc/ssh/ssh_host_ed25519_key.pub.
[   32.056702] cloud-init[670]: The key fingerprint is:
[   32.112472] cloud-init[670]: SHA256:i2vA6sPlfEgPin/435Wi8S0iII5Jawa5WVrO6jKabt0 root@ubuntu-bionic
[   32.180357] cloud-init[670]: The key's randomart image is:
[   32.196659] cloud-init[670]: +--[ED25519 256]--+
[   32.213284] cloud-init[670]: |                 |
[   32.228585] cloud-init[670]: |                 |
[   32.240646] cloud-init[670]: |                 |
[   32.269786] cloud-init[670]: |                 |
[   32.293170] cloud-init[670]: | . .    S        |
[   32.321479] cloud-init[670]: |+.+ *  . . .     |
[   32.348516] cloud-init[670]: |=&oX.=o o o      |
[   32.364301] cloud-init[670]: |XBO.*E=*.+       |
[   32.397674] cloud-init[670]: |%Bo+.=+.o..      |
[   32.408352] cloud-init[670]: +----[SHA256]-----+
         Starting Accounts Service...
[[0;32m  OK  [0m] Started Regular background program processing daemon.
         Starting Dispatcher daemon for systemd-networkd...
         Starting Permit User Sessions...
         Starting Pollinate to seed the pseudo random number generator...
         Starting Login Service...
         Starting Virtualbox guest utils...
         Starting Snap Daemon...
[[0;32m  OK  [0m] Started System Logging Service.
[[0;32m  OK  [0m] Started Permit User Sessions.
[[0;32m  OK  [0m] Started Login Service.
[[0;32m  OK  [0m] Started Unattended Upgrades Shutdown.
         Starting Authorization Manager...
         Starting Hold until boot process finishes up...
         Starting Terminate Plymouth Boot Screen...
[[0;32m  OK  [0m] Started Hold until boot process finishes up.
[[0;32m  OK  [0m] Started Terminate Plymouth Boot Screen.
[[0;32m  OK  [0m] Started LSB: automatic crash report generation.
[[0;32m  OK  [0m] Started Serial Getty on ttyS0.
         Starting Set console scheme...
[[0;32m  OK  [0m] Started LSB: Record successful boot for GRUB.
[[0;32m  OK  [0m] Started Set console scheme.
[[0;32m  OK  [0m] Created slice system-getty.slice.
[[0;32m  OK  [0m] Started Getty on tty1.
[[0;32m  OK  [0m] Reached target Login Prompts.
[[0;32m  OK  [0m] Started Authorization Manager.
[[0;32m  OK  [0m] Started Accounts Service.
[[0;32m  OK  [0m] Started Virtualbox guest utils.
[[0;32m  OK  [0m] Started Dispatcher daemon for systemd-networkd.
[[0;32m  OK  [0m] Started LXD - container startup/shutdown.
[[0;32m  OK  [0m] Started Pollinate to seed the pseudo random number generator.
         Starting OpenBSD Secure Shell server...
[[0;32m  OK  [0m] Started OpenBSD Secure Shell server.
[[0;32m  OK  [0m] Started Snap Daemon.
         Starting Wait until snapd is fully seeded...
[[0;32m  OK  [0m] Created slice User Slice of vagrant.
         Starting User Manager for UID 1000...
[[0;32m  OK  [0m] Started Session 1 of user vagrant.
         Starting Time & Date Service...

Ubuntu 18.04.6 LTS ubuntu-bionic ttyS0

ubuntu-bionic login: [   43.085976] cloud-init[1409]: Cloud-init v. 22.2-0ubuntu1~18.04.3 running 'modules:config' at Wed, 17 Aug 2022 20:23:11 +0000. Up 40.43 seconds.
ci-info: no authorized SSH keys fingerprints found for user ubuntu.
<14>Aug 17 20:23:15 cloud-init: #############################################################
<14>Aug 17 20:23:15 cloud-init: -----BEGIN SSH HOST KEY FINGERPRINTS-----
<14>Aug 17 20:23:15 cloud-init: 1024 SHA256:jB4h8ucLpV2kc31aZ+4oNdExXMQznBXyoeZDN7KxJB8 root@ubuntu-bionic (DSA)
<14>Aug 17 20:23:15 cloud-init: 256 SHA256:H8aVfqpsQSMWKNRTSqy4sbcgvjZyT6QcViR5mrtJ46g root@ubuntu-bionic (ECDSA)
<14>Aug 17 20:23:15 cloud-init: 256 SHA256:i2vA6sPlfEgPin/435Wi8S0iII5Jawa5WVrO6jKabt0 root@ubuntu-bionic (ED25519)
<14>Aug 17 20:23:15 cloud-init: 2048 SHA256:DjqLieMSrTuKkSRsS/mktUnZQsil5rNiri54bkoXtTc root@ubuntu-bionic (RSA)
<14>Aug 17 20:23:15 cloud-init: -----END SSH HOST KEY FINGERPRINTS-----
<14>Aug 17 20:23:15 cloud-init: #############################################################
-----BEGIN SSH HOST KEY KEYS-----
ecdsa-sha2-nistp256 AAAAE2VjZHNhLXNoYTItbmlzdHAyNTYAAAAIbmlzdHAyNTYAAABBBLhYVttOmTtUFY6u/SGSz7U6TwGRA/hDRpnEToFzm7/r+8SNwPEkVy06oPgEcp3JUW7vJCNPZER9fD7DiR4/YcE= root@ubuntu-bionic
ssh-ed25519 AAAAC3NzaC1lZDI1NTE5AAAAIHtZl+rB21/t+F1EYcShshhnQdgc51q9uhZsJCUteLFF root@ubuntu-bionic
ssh-rsa AAAAB3NzaC1yc2EAAAADAQABAAABAQDY/x65aFCwVYwevMmmCM+wZCOBp9XXSOnJpO4lE9B970LGRaRJB/ovUVe5ZDLg/RirBuYfS0t4jckafHBmZEop1yQb0/8pYX3H7OJRyIGrsB2W9qL4CR7PWOKUDjVQz9U25iFFoNW0bY0h+M5HuC1FII8KUanfjnwtQtlzfhFne3UbT6SEDiULGrdwdZSk2ts2KaPW+YP7zgp/JRiPFLJ0BMD4YJ5NVChBiwhw4lV2PcM3jupGVBheG0v6SLl76HleUiv3+V22nMfG7P+Mu1SpaaOsVlhbIT72fTXgsq3Ydfop0oPOoZqtSHJTk+uGsuagGnNgCsiZmrnmrwaHDGc1 root@ubuntu-bionic
-----END SSH HOST KEY KEYS-----
[   44.652072] cloud-init[1531]: Cloud-init v. 22.2-0ubuntu1~18.04.3 running 'modules:final' at Wed, 17 Aug 2022 20:23:14 +0000. Up 43.97 seconds.
[   44.652190] cloud-init[1531]: Cloud-init v. 22.2-0ubuntu1~18.04.3 finished at Wed, 17 Aug 2022 20:23:15 +0000. Datasource DataSourceNoCloud [seed=/dev/sdb][dsmode=net].  Up 44.63 seconds
