[    0.000000] Initializing cgroup subsys cpuset
[    0.000000] Initializing cgroup subsys cpu
[    0.000000] Initializing cgroup subsys cpuacct
[    0.000000] Linux version 4.4.0-210-generic (buildd@lgw01-amd64-009) (gcc version 5.4.0 20160609 (Ubuntu 5.4.0-6ubuntu1~16.04.12) ) #242-Ubuntu SMP Fri Apr 16 09:57:56 UTC 2021 (Ubuntu 4.4.0-210.242-generic 4.4.262)
[    0.000000] Command line: BOOT_IMAGE=/boot/vmlinuz-4.4.0-210-generic root=LABEL=cloudimg-rootfs ro console=tty1 console=ttyS0
[    0.000000] KERNEL supported cpus:
[    0.000000]   Intel GenuineIntel
[    0.000000]   AMD AuthenticAMD
[    0.000000]   Centaur CentaurHauls
[    0.000000] [Firmware Bug]: TSC doesn't count with P0 frequency!
[    0.000000] x86/fpu: xstate_offset[2]:  576, xstate_sizes[2]:  256
[    0.000000] x86/fpu: Supporting XSAVE feature 0x01: 'x87 floating point registers'
[    0.000000] x86/fpu: Supporting XSAVE feature 0x02: 'SSE registers'
[    0.000000] x86/fpu: Supporting XSAVE feature 0x04: 'AVX registers'
[    0.000000] x86/fpu: Enabled xstate features 0x7, context size is 832 bytes, using 'standard' format.
[    0.000000] e820: BIOS-provided physical RAM map:
[    0.000000] BIOS-e820: [mem 0x0000000000000000-0x000000000009fbff] usable
[    0.000000] BIOS-e820: [mem 0x000000000009fc00-0x000000000009ffff] reserved
[    0.000000] BIOS-e820: [mem 0x00000000000f0000-0x00000000000fffff] reserved
[    0.000000] BIOS-e820: [mem 0x0000000000100000-0x000000003ffeffff] usable
[    0.000000] BIOS-e820: [mem 0x000000003fff0000-0x000000003fffffff] ACPI data
[    0.000000] BIOS-e820: [mem 0x00000000fec00000-0x00000000fec00fff] reserved
[    0.000000] BIOS-e820: [mem 0x00000000fee00000-0x00000000fee00fff] reserved
[    0.000000] BIOS-e820: [mem 0x00000000fffc0000-0x00000000ffffffff] reserved
[    0.000000] NX (Execute Disable) protection: active
[    0.000000] SMBIOS 2.5 present.
[    0.000000] Hypervisor detected: KVM
[    0.000000] Kernel/User page tables isolation: disabled
[    0.000000] e820: last_pfn = 0x3fff0 max_arch_pfn = 0x400000000
[    0.000000] MTRR: Disabled
[    0.000000] x86/PAT: MTRRs disabled, skipping PAT initialization too.
[    0.000000] CPU MTRRs all blank - virtualized system.
[    0.000000] x86/PAT: Configuration [0-7]: WB  WT  UC- UC  WB  WT  UC- UC  
[    0.000000] found SMP MP-table at [mem 0x0009fff0-0x0009ffff] mapped at [ffff88000009fff0]
[    0.000000] Scanning 1 areas for low memory corruption
[    0.000000] RAMDISK: [mem 0x362dc000-0x37165fff]
[    0.000000] ACPI: Early table checksum verification disabled
[    0.000000] ACPI: RSDP 0x00000000000E0000 000024 (v02 VBOX  )
[    0.000000] ACPI: XSDT 0x000000003FFF0030 00003C (v01 VBOX   VBOXXSDT 00000001 ASL  00000061)
[    0.000000] ACPI: FACP 0x000000003FFF00F0 0000F4 (v04 VBOX   VBOXFACP 00000001 ASL  00000061)
[    0.000000] ACPI: DSDT 0x000000003FFF0470 002325 (v02 VBOX   VBOXBIOS 00000002 INTL 20100528)
[    0.000000] ACPI: FACS 0x000000003FFF0200 000040
[    0.000000] ACPI: FACS 0x000000003FFF0200 000040
[    0.000000] ACPI: APIC 0x000000003FFF0240 00005C (v02 VBOX   VBOXAPIC 00000001 ASL  00000061)
[    0.000000] ACPI: SSDT 0x000000003FFF02A0 0001CC (v01 VBOX   VBOXCPUT 00000002 INTL 20100528)
[    0.000000] No NUMA configuration found
[    0.000000] Faking a node at [mem 0x0000000000000000-0x000000003ffeffff]
[    0.000000] NODE_DATA(0) allocated [mem 0x3ffeb000-0x3ffeffff]
[    0.000000] kvm-clock: Using msrs 4b564d01 and 4b564d00
[    0.000000] kvm-clock: cpu 0, msr 0:3ffe3001, primary cpu clock
[    0.000000] kvm-clock: using sched offset of 3939127912 cycles
[    0.000000] clocksource: kvm-clock: mask: 0xffffffffffffffff max_cycles: 0x1cd42e4dffb, max_idle_ns: 881590591483 ns
[    0.000000] Zone ranges:
[    0.000000]   DMA      [mem 0x0000000000001000-0x0000000000ffffff]
[    0.000000]   DMA32    [mem 0x0000000001000000-0x000000003ffeffff]
[    0.000000]   Normal   empty
[    0.000000]   Device   empty
[    0.000000] Movable zone start for each node
[    0.000000] Early memory node ranges
[    0.000000]   node   0: [mem 0x0000000000001000-0x000000000009efff]
[    0.000000]   node   0: [mem 0x0000000000100000-0x000000003ffeffff]
[    0.000000] Initmem setup node 0 [mem 0x0000000000001000-0x000000003ffeffff]
[    0.000000] ACPI: PM-Timer IO Port: 0x4008
[    0.000000] IOAPIC[0]: apic_id 2, version 32, address 0xfec00000, GSI 0-23
[    0.000000] ACPI: INT_SRC_OVR (bus 0 bus_irq 0 global_irq 2 dfl dfl)
[    0.000000] ACPI: INT_SRC_OVR (bus 0 bus_irq 9 global_irq 9 low level)
[    0.000000] Using ACPI (MADT) for SMP configuration information
[    0.000000] smpboot: Allowing 2 CPUs, 0 hotplug CPUs
[    0.000000] PM: Registered nosave memory: [mem 0x00000000-0x00000fff]
[    0.000000] PM: Registered nosave memory: [mem 0x0009f000-0x0009ffff]
[    0.000000] PM: Registered nosave memory: [mem 0x000a0000-0x000effff]
[    0.000000] PM: Registered nosave memory: [mem 0x000f0000-0x000fffff]
[    0.000000] e820: [mem 0x40000000-0xfebfffff] available for PCI devices
[    0.000000] Booting paravirtualized kernel on KVM
[    0.000000] clocksource: refined-jiffies: mask: 0xffffffff max_cycles: 0xffffffff, max_idle_ns: 7645519600211568 ns
[    0.000000] setup_percpu: NR_CPUS:512 nr_cpumask_bits:512 nr_cpu_ids:2 nr_node_ids:1
[    0.000000] PERCPU: Embedded 33 pages/cpu @ffff88003fc00000 s95192 r8192 d31784 u1048576
[    0.000000] Built 1 zonelists in Node order, mobility grouping on.  Total pages: 257912
[    0.000000] Policy zone: DMA32
[    0.000000] Kernel command line: BOOT_IMAGE=/boot/vmlinuz-4.4.0-210-generic root=LABEL=cloudimg-rootfs ro console=tty1 console=ttyS0
[    0.000000] PID hash table entries: 4096 (order: 3, 32768 bytes)
[    0.000000] Memory: 997792K/1048120K available (8644K kernel code, 1332K rwdata, 4044K rodata, 1492K init, 1164K bss, 50328K reserved, 0K cma-reserved)
[    0.000000] SLUB: HWalign=64, Order=0-3, MinObjects=0, CPUs=2, Nodes=1
[    0.000000] Hierarchical RCU implementation.
[    0.000000] 	Build-time adjustment of leaf fanout to 64.
[    0.000000] 	RCU restricting CPUs from NR_CPUS=512 to nr_cpu_ids=2.
[    0.000000] RCU: Adjusting geometry for rcu_fanout_leaf=64, nr_cpu_ids=2
[    0.000000] NR_IRQS:33024 nr_irqs:440 16
[    0.000000] Console: colour VGA+ 80x25
[    0.000000] console [tty1] enabled
[    0.000000] console [ttyS0] enabled
[    0.000000] tsc: Detected 3293.844 MHz processor
[    0.274708] Calibrating delay loop (skipped) preset value.. 6587.68 BogoMIPS (lpj=13175376)
[    0.278059] pid_max: default: 32768 minimum: 301
[    0.279942] ACPI: Core revision 20150930
[    0.282774] ACPI: 2 ACPI AML tables successfully acquired and loaded
[    0.285309] Security Framework initialized
[    0.286842] Yama: becoming mindful.
[    0.288254] AppArmor: AppArmor initialized
[    0.289897] Dentry cache hash table entries: 131072 (order: 8, 1048576 bytes)
[    0.292708] Inode-cache hash table entries: 65536 (order: 7, 524288 bytes)
[    0.297752] Mount-cache hash table entries: 2048 (order: 2, 16384 bytes)
[    0.300446] Mountpoint-cache hash table entries: 2048 (order: 2, 16384 bytes)
[    0.303002] Initializing cgroup subsys io
[    0.304611] Initializing cgroup subsys memory
[    0.306276] Initializing cgroup subsys devices
[    0.307920] Initializing cgroup subsys freezer
[    0.309567] Initializing cgroup subsys net_cls
[    0.311230] Initializing cgroup subsys perf_event
[    0.312889] Initializing cgroup subsys net_prio
[    0.314736] Initializing cgroup subsys hugetlb
[    0.316384] Initializing cgroup subsys pids
[    0.318055] mce: CPU supports 0 MCE banks
[    0.319634] Last level iTLB entries: 4KB 512, 2MB 1024, 4MB 512
[    0.321592] Last level dTLB entries: 4KB 1024, 2MB 1024, 4MB 512, 1GB 0
[    0.323608] Spectre V1 : Mitigation: usercopy/swapgs barriers and __user pointer sanitization
[    0.326722] Spectre V2 : Spectre mitigation: LFENCE not serializing, switching to generic retpoline
[    0.329908] Spectre V2 : Mitigation: Full generic retpoline
[    0.331851] Spectre V2 : Spectre v2 / SpectreRSB mitigation: Filling RSB on context switch
[    0.338085] Freeing SMP alternatives memory: 36K
[    0.347317] ftrace: allocating 32380 entries in 127 pages
[    0.413813] smpboot: APIC(0) Converting physical 0 to logical package 0
[    0.416748] smpboot: Max logical packages: 1
[    0.418763] x2apic enabled
[    0.420324] Switched APIC routing to physical x2apic.
[    0.423626] ..TIMER: vector=0x30 apic1=0 pin1=2 apic2=-1 pin2=-1
[    0.533788] smpboot: CPU0: AMD A8-7650K Radeon R7, 10 Compute Cores 4C+6G (family: 0x15, model: 0x30, stepping: 0x1)
[    0.537847] Performance Events: Broken PMU hardware detected, using software events only.
[    0.541084] Failed to access perfctr msr (MSR c0010007 is 0)
[    0.556509] KVM setup paravirtual spinlock
[    0.559306] x86: Booting SMP configuration:
[    0.560776] .... node  #0, CPUs:      #1
[    0.562282] kvm-clock: cpu 1, msr 0:3ffe3041, secondary cpu clock
[    0.563756] mce: CPU supports 0 MCE banks
[    0.566972] x86: Booted up 1 node, 2 CPUs
[    0.568705] smpboot: Total of 2 processors activated (13175.37 BogoMIPS)
[    0.571321] devtmpfs: initialized
[    0.574236] evm: security.selinux
[    0.575793] evm: security.SMACK64
[    0.577154] evm: security.SMACK64EXEC
[    0.578650] evm: security.SMACK64TRANSMUTE
[    0.580008] evm: security.SMACK64MMAP
[    0.581315] evm: security.ima
[    0.582593] evm: security.capability
[    0.586519] clocksource: jiffies: mask: 0xffffffff max_cycles: 0xffffffff, max_idle_ns: 7645041785100000 ns
[    0.590093] futex hash table entries: 512 (order: 3, 32768 bytes)
[    0.592286] pinctrl core: initialized pinctrl subsystem
[    0.594153] RTC time:  8:15:12, date: 08/16/22
[    0.596033] NET: Registered protocol family 16
[    0.608854] cpuidle: using governor ladder
[    0.618430] cpuidle: using governor menu
[    0.619835] PCCT header not found.
[    0.621530] ACPI: bus type PCI registered
[    0.622918] acpiphp: ACPI Hot Plug PCI Controller Driver version: 0.5
[    0.625102] PCI: Using configuration type 1 for base access
[    0.627336] PCI: Using configuration type 1 for extended access
[    0.639815] ACPI: Added _OSI(Module Device)
[    0.641273] ACPI: Added _OSI(Processor Device)
[    0.642805] ACPI: Added _OSI(3.0 _SCP Extensions)
[    0.644435] ACPI: Added _OSI(Processor Aggregator Device)
[    0.647092] ACPI: Executed 1 blocks of module-level executable AML code
[    0.652154] ACPI: Interpreter enabled
[    0.653517] ACPI: (supports S0 S5)
[    0.654702] ACPI: Using IOAPIC for interrupt routing
[    0.656522] PCI: Using host bridge windows from ACPI; if necessary, use "pci=nocrs" and report a bug
[    0.664535] ACPI: PCI Root Bridge [PCI0] (domain 0000 [bus 00-ff])
[    0.666571] acpi PNP0A03:00: _OSC: OS supports [ExtendedConfig ASPM ClockPM Segments MSI]
[    0.670577] acpi PNP0A03:00: _OSC: platform does not support [PCIeCapability]
[    0.673277] acpi PNP0A03:00: _OSC: not requesting control; platform does not support [PCIeCapability]
[    0.676274] acpi PNP0A03:00: _OSC: OS requested [PCIeHotplug PME AER PCIeCapability]
[    0.678800] acpi PNP0A03:00: _OSC: platform willing to grant [PCIeHotplug PME AER]
[    0.681543] acpi PNP0A03:00: _OSC failed (AE_SUPPORT); disabling ASPM
[    0.684180] PCI host bridge to bus 0000:00
[    0.685600] pci_bus 0000:00: root bus resource [io  0x0000-0x0cf7 window]
[    0.687696] pci_bus 0000:00: root bus resource [io  0x0d00-0xffff window]
[    0.690102] pci_bus 0000:00: root bus resource [mem 0x000a0000-0x000bffff window]
[    0.706696] pci_bus 0000:00: root bus resource [mem 0x40000000-0xfdffffff window]
[    0.709451] pci_bus 0000:00: root bus resource [bus 00-ff]
[    0.714105] pci 0000:00:01.1: legacy IDE quirk: reg 0x10: [io  0x01f0-0x01f7]
[    0.716448] pci 0000:00:01.1: legacy IDE quirk: reg 0x14: [io  0x03f6]
[    0.718606] pci 0000:00:01.1: legacy IDE quirk: reg 0x18: [io  0x0170-0x0177]
[    0.721065] pci 0000:00:01.1: legacy IDE quirk: reg 0x1c: [io  0x0376]
[    0.763620] pci 0000:00:07.0: quirk: [io  0x4000-0x403f] claimed by PIIX4 ACPI
[    0.766484] pci 0000:00:07.0: quirk: [io  0x4100-0x410f] claimed by PIIX4 SMB
[    0.794636] ACPI: PCI Interrupt Link [LNKA] (IRQs 5 9 10 *11)
[    0.797372] ACPI: PCI Interrupt Link [LNKB] (IRQs 5 9 *10 11)
[    0.799873] ACPI: PCI Interrupt Link [LNKC] (IRQs 5 *9 10 11)
[    0.802424] ACPI: PCI Interrupt Link [LNKD] (IRQs 5 9 10 *11)
[    0.805003] ACPI: Enabled 2 GPEs in block 00 to 07
[    0.807101] vgaarb: setting as boot device: PCI:0000:00:02.0
[    0.809230] vgaarb: device added: PCI:0000:00:02.0,decodes=io+mem,owns=io+mem,locks=none
[    0.812065] vgaarb: loaded
[    0.813157] vgaarb: bridge control possible 0000:00:02.0
[    0.815769] SCSI subsystem initialized
[    0.817594] ACPI: bus type USB registered
[    0.819196] usbcore: registered new interface driver usbfs
[    0.821027] usbcore: registered new interface driver hub
[    0.822775] usbcore: registered new device driver usb
[    0.824860] PCI: Using ACPI for IRQ routing
[    0.827070] NetLabel: Initializing
[    0.828452] NetLabel:  domain hash size = 128
[    0.830056] NetLabel:  protocols = UNLABELED CIPSOv4
[    0.831707] NetLabel:  unlabeled traffic allowed by default
[    0.833981] amd_nb: Cannot enumerate AMD northbridges
[    0.835933] clocksource: Switched to clocksource kvm-clock
[    0.853188] AppArmor: AppArmor Filesystem Enabled
[    0.855195] pnp: PnP ACPI init
[    0.857613] pnp: PnP ACPI: found 3 devices
[    0.869593] clocksource: acpi_pm: mask: 0xffffff max_cycles: 0xffffff, max_idle_ns: 2085701024 ns
[    0.872701] NET: Registered protocol family 2
[    0.874503] TCP established hash table entries: 8192 (order: 4, 65536 bytes)
[    0.876794] TCP bind hash table entries: 8192 (order: 5, 131072 bytes)
[    0.879206] TCP: Hash tables configured (established 8192 bind 8192)
[    0.881469] UDP hash table entries: 512 (order: 2, 16384 bytes)
[    0.883409] UDP-Lite hash table entries: 512 (order: 2, 16384 bytes)
[    0.885502] NET: Registered protocol family 1
[    0.886879] pci 0000:00:00.0: Limiting direct PCI/PCI transfers
[    0.889082] pci 0000:00:01.0: Activating ISA DMA hang workarounds
[    0.893805] Unpacking initramfs...
[    1.200625] Freeing initrd memory: 14888K
[    1.202464] clocksource: tsc: mask: 0xffffffffffffffff max_cycles: 0x2f7a94e9cb8, max_idle_ns: 440795337031 ns
[    1.206103] platform rtc_cmos: registered platform RTC device (no PNP device found)
[    1.209084] Scanning for low memory corruption every 60 seconds
[    1.211495] audit: initializing netlink subsys (disabled)
[    1.213247] audit: type=2000 audit(1660637718.400:1): initialized
[    1.215486] Initialise system trusted keyring
[    1.217283] HugeTLB registered 2 MB page size, pre-allocated 0 pages
[    1.221385] zbud: loaded
[    1.223071] VFS: Disk quotas dquot_6.6.0
[    1.224487] VFS: Dquot-cache hash table entries: 512 (order 0, 4096 bytes)
[    1.226861] squashfs: version 4.0 (2009/01/31) Phillip Lougher
[    1.232198] fuse init (API version 7.23)
[    1.234148] Key type big_key registered
[    1.235455] Allocating IMA MOK and blacklist keyrings.
[    1.239135] Key type asymmetric registered
[    1.240621] Asymmetric key parser 'x509' registered
[    1.242347] Block layer SCSI generic (bsg) driver version 0.4 loaded (major 249)
[    1.245302] io scheduler noop registered
[    1.246644] io scheduler deadline registered (default)
[    1.248807] io scheduler cfq registered
[    1.250456] pci_hotplug: PCI Hot Plug PCI Core version: 0.5
[    1.252632] pciehp: PCI Express Hot Plug Controller Driver version: 0.4
[    1.255002] ACPI: AC Adapter [AC] (on-line)
[    1.256393] input: Power Button as /devices/LNXSYSTM:00/LNXPWRBN:00/input/input0
[    1.258940] ACPI: Power Button [PWRF]
[    1.260341] input: Sleep Button as /devices/LNXSYSTM:00/LNXSLPBN:00/input/input1
[    1.262858] ACPI: Sleep Button [SLPF]
[    1.264853] GHES: HEST is not enabled!
[    1.266454] Serial: 8250/16550 driver, 32 ports, IRQ sharing enabled
[    1.289804] 00:02: ttyS0 at I/O 0x3f8 (irq = 4, base_baud = 115200) is a 16550A
[    1.296389] Linux agpgart interface v0.103
[    1.301633] loop: module loaded
[    1.303865] scsi host0: ata_piix
[    1.305324] scsi host1: ata_piix
[    1.306755] ata1: PATA max UDMA/33 cmd 0x1f0 ctl 0x3f6 bmdma 0xd000 irq 14
[    1.309028] ata2: PATA max UDMA/33 cmd 0x170 ctl 0x376 bmdma 0xd008 irq 15
[    1.311476] libphy: Fixed MDIO Bus: probed
[    1.313116] tun: Universal TUN/TAP device driver, 1.6
[    1.314852] tun: (C) 1999-2004 Max Krasnyansky <maxk@qualcomm.com>
[    1.317184] PPP generic driver version 2.4.2
[    1.319092] ehci_hcd: USB 2.0 'Enhanced' Host Controller (EHCI) Driver
[    1.321323] ehci-pci: EHCI PCI platform driver
[    1.322858] ehci-platform: EHCI generic platform driver
[    1.325071] ohci_hcd: USB 1.1 'Open' Host Controller (OHCI) Driver
[    1.326981] ohci-pci: OHCI PCI platform driver
[    1.329372] ohci-platform: OHCI generic platform driver
[    1.331194] uhci_hcd: USB Universal Host Controller Interface driver
[    1.333743] i8042: PNP: PS/2 Controller [PNP0303:PS2K,PNP0f03:PS2M] at 0x60,0x64 irq 1,12
[    1.337465] serio: i8042 KBD port at 0x60,0x64 irq 1
[    1.339506] serio: i8042 AUX port at 0x60,0x64 irq 12
[    1.341809] mousedev: PS/2 mouse device common for all mice
[    1.371411] input: AT Translated Set 2 keyboard as /devices/platform/i8042/serio0/input/input2
[    1.371564] rtc_cmos rtc_cmos: rtc core: registered rtc_cmos as rtc0
[    1.371655] rtc_cmos rtc_cmos: alarms up to one day, 114 bytes nvram
[    1.371672] i2c /dev entries driver
[    1.371785] device-mapper: uevent: version 1.0.3
[    1.371867] device-mapper: ioctl: 4.34.0-ioctl (2015-10-28) initialised: dm-devel@redhat.com
[    1.371889] ledtrig-cpu: registered to indicate activity on CPUs
[    1.372092] x86/pm: family 0x15 cpu detected, MSR saving is needed during suspending.
[    1.372444] NET: Registered protocol family 10
[    1.372706] NET: Registered protocol family 17
[    1.372718] Key type dns_resolver registered
[    1.373063] registered taskstats version 1
[    1.373078] Loading compiled-in X.509 certificates
[    1.373887] Loaded X.509 cert 'Build time autogenerated kernel key: cf00e047681d67edb2720680708b7d9498083038'
[    1.373909] zswap: loaded using pool lzo/zbud
[    1.376425] Key type trusted registered
[    1.380904] Key type encrypted registered
[    1.380917] AppArmor: AppArmor sha1 policy hashing enabled
[    1.380921] ima: No TPM chip found, activating TPM-bypass!
[    1.380929] ima: Allocated hash algorithm: sha1
[    1.380949] evm: HMAC attrs: 0x1
[    1.381441]   Magic number: 2:780:270
[    1.385035] rtc_cmos rtc_cmos: setting system clock to 2022-08-16 08:15:13 UTC (1660637713)
[    1.385190] BIOS EDD facility v0.16 2004-Jun-25, 0 devices found
[    1.385191] EDD information not available.
[    1.603766] Freeing unused kernel memory: 1492K
[    2.050797] Write protecting the kernel read-only data: 14336k
[    2.053739] Freeing unused kernel memory: 1584K
[    2.055506] Freeing unused kernel memory: 52K
Loading, please wait...
starting version 229
[    2.076201] random: systemd-udevd: uninitialized urandom read (16 bytes read, 2 bits of entropy available)
[    2.077331] random: udevadm: uninitialized urandom read (16 bytes read, 2 bits of entropy available)
[    2.077364] random: udevadm: uninitialized urandom read (16 bytes read, 2 bits of entropy available)
[    2.089212] random: systemd-udevd: uninitialized urandom read (16 bytes read, 2 bits of entropy available)
[    2.093303] random: udevadm: uninitialized urandom read (16 bytes read, 2 bits of entropy available)
[    2.093359] random: udevadm: uninitialized urandom read (16 bytes read, 2 bits of entropy available)
[    2.093566] random: udevadm: uninitialized urandom read (16 bytes read, 2 bits of entropy available)
[    2.093637] random: udevadm: uninitialized urandom read (16 bytes read, 2 bits of entropy available)
[    2.093702] random: udevadm: uninitialized urandom read (16 bytes read, 2 bits of entropy available)
[    2.093769] random: udevadm: uninitialized urandom read (16 bytes read, 2 bits of entropy available)
[    2.161422] e1000: Intel(R) PRO/1000 Network Driver - version 7.3.21-k8-NAPI
[    2.164336] e1000: Copyright (c) 1999-2006 Intel Corporation.
[    2.177798] Fusion MPT base driver 3.04.20
[    2.183145] Copyright (c) 1999-2008 LSI Corporation
[    2.198622] Fusion MPT SPI Host driver 3.04.20
[    2.230739] AVX version of gcm_enc/dec engaged.
[    2.232626] AES CTR mode by8 optimization enabled
[    2.389050] input: ImExPS/2 Generic Explorer Mouse as /devices/platform/i8042/serio1/input/input4
[    2.621894] e1000 0000:00:03.0 eth0: (PCI:33MHz:32-bit) 02:be:82:6b:cc:1d
[    2.625035] e1000 0000:00:03.0 eth0: Intel(R) PRO/1000 Network Connection
[    3.081574] e1000 0000:00:08.0 eth1: (PCI:33MHz:32-bit) 08:00:27:0d:5e:56
[    3.083881] e1000 0000:00:08.0 eth1: Intel(R) PRO/1000 Network Connection
[    3.087456] mptbase: ioc0: Initiating bringup
[    3.090725] e1000 0000:00:08.0 enp0s8: renamed from eth1
[    3.105525] e1000 0000:00:03.0 enp0s3: renamed from eth0
[    3.172856] ioc0: LSI53C1030 A0: Capabilities={Initiator}
[    3.680181] scsi host2: ioc0: LSI53C1030 A0, FwRev=00000000h, Ports=1, MaxQ=256, IRQ=20
[    3.820989] scsi 2:0:0:0: Direct-Access     VBOX     HARDDISK         1.0  PQ: 0 ANSI: 5
[    3.823893] scsi target2:0:0: Beginning Domain Validation
[    3.827016] scsi target2:0:0: Domain Validation skipping write tests
[    3.829308] scsi target2:0:0: Ending Domain Validation
[    3.831054] scsi target2:0:0: asynchronous
[    3.833043] scsi 2:0:1:0: Direct-Access     VBOX     HARDDISK         1.0  PQ: 0 ANSI: 5
[    3.835734] scsi target2:0:1: Beginning Domain Validation
[    3.838723] scsi target2:0:1: Domain Validation skipping write tests
[    3.840696] scsi target2:0:1: Ending Domain Validation
[    3.842366] scsi target2:0:1: asynchronous
[    3.855910] sd 2:0:0:0: [sda] 83886080 512-byte logical blocks: (42.9 GB/40.0 GiB)
[    3.859881] sd 2:0:0:0: Attached scsi generic sg0 type 0
[    3.862608] sd 2:0:1:0: Attached scsi generic sg1 type 0
[    3.862896] sd 2:0:0:0: [sda] Write Protect is off
[    3.866766] sd 2:0:0:0: [sda] Incomplete mode parameter data
[    3.869244] sd 2:0:0:0: [sda] Assuming drive cache: write through
[    3.871676] sd 2:0:1:0: [sdb] 20480 512-byte logical blocks: (10.5 MB/10.0 MiB)
[    3.877091] sd 2:0:1:0: [sdb] Write Protect is off
[    3.879715] sd 2:0:1:0: [sdb] Incomplete mode parameter data
[    3.881742] sd 2:0:1:0: [sdb] Assuming drive cache: write through
[    3.883747]  sda: sda1
[    3.886639] sd 2:0:0:0: [sda] Attached SCSI disk
[    3.904825] sd 2:0:1:0: [sdb] Attached SCSI disk
Begin: Loading essential drivers ... [    5.522014] md: linear personality registered for level -1
[    5.526910] md: multipath personality registered for level -4
[    5.532882] md: raid0 personality registered for level 0
[    5.539305] md: raid1 personality registered for level 1
[    5.612400] raid6: sse2x1   gen()  5693 MB/s
[    5.680849] raid6: sse2x1   xor()  3968 MB/s
[    5.748116] raid6: sse2x2   gen()  7874 MB/s
[    5.817414] raid6: sse2x2   xor()  5858 MB/s
[    5.883974] raid6: sse2x4   gen()  5334 MB/s
[    5.952192] raid6: sse2x4   xor()  4532 MB/s
[    5.954137] raid6: using algorithm sse2x2 gen() 7874 MB/s
[    5.956541] raid6: .... xor() 5858 MB/s, rmw enabled
[    5.958336] raid6: using ssse3x2 recovery algorithm
[    5.961578] xor: automatically using best checksumming function:
[    6.001134]    avx       : 11134.000 MB/sec
[    6.004469] async_tx: api initialized (async)
[    6.018836] md: raid6 personality registered for level 6
[    6.020663] md: raid5 personality registered for level 5
[    6.022565] md: raid4 personality registered for level 4
[    6.033457] md: raid10 personality registered for level 10
done.
Begin: Running /scripts/init-premount ... done.
Begin: Mounting root file system ... Begin: Running /scripts/local-top ... done.
Begin: Running /scripts/local-premount ... [    6.079009] Btrfs loaded
Scanning for Btrfs filesystems
done.
Warning: fsck not present, so skipping root file system
[    6.141467] EXT4-fs (sda1): INFO: recovery required on readonly filesystem
[    6.143981] EXT4-fs (sda1): write access will be enabled during recovery
[    6.248016] EXT4-fs (sda1): recovery complete
[    6.250349] EXT4-fs (sda1): mounted filesystem with ordered data mode. Opts: (null)
done.
Begin: Running /scripts/local-bottom ... done.
Begin: Running /scripts/init-bottom ... done.
[    6.680065] systemd[1]: systemd 229 running in system mode. (+PAM +AUDIT +SELINUX +IMA +APPARMOR +SMACK +SYSVINIT +UTMP +LIBCRYPTSETUP +GCRYPT +GNUTLS +ACL +XZ -LZ4 +SECCOMP +BLKID +ELFUTILS +KMOD -IDN)
[    6.686068] systemd[1]: Detected virtualization oracle.
[    6.688375] systemd[1]: Detected architecture x86-64.

Welcome to [1mUbuntu 16.04.7 LTS[0m!

[    6.718235] systemd[1]: Set hostname to <ubuntu-xenial>.
[    7.139502] random: nonblocking pool is initialized
[    7.351033] systemd[1]: Started Forward Password Requests to Wall Directory Watch.
[[0;32m  OK  [0m] Started Forward Password Requests to Wall Directory Watch.
[    7.356403] systemd[1]: Listening on LVM2 poll daemon socket.
[[0;32m  OK  [0m] Listening on LVM2 poll daemon socket.
[    7.360492] systemd[1]: Created slice System Slice.
[[0;32m  OK  [0m] Created slice System Slice.
[    7.363781] systemd[1]: Reached target Encrypted Volumes.
[[0;32m  OK  [0m] Reached target Encrypted Volumes.
[    7.367098] systemd[1]: Reached target Swap.
[[0;32m  OK  [0m] Reached target Swap.
[    7.370433] systemd[1]: Created slice system-serial\x2dgetty.slice.
[[0;32m  OK  [0m] Created slice system-serial\x2dgetty.slice.
[    7.374968] systemd[1]: Created slice User and Session Slice.
[[0;32m  OK  [0m] Created slice User and Session Slice.
[    7.378952] systemd[1]: Listening on Syslog Socket.
[[0;32m  OK  [0m] Listening on Syslog Socket.
[    7.382222] systemd[1]: Started Trigger resolvconf update for networkd DNS.
[[0;32m  OK  [0m] Started Trigger resolvconf update for networkd DNS.
[    7.386475] systemd[1]: Reached target User and Group Name Lookups.
[[0;32m  OK  [0m] Reached target User and Group Name Lookups.
[    7.390909] systemd[1]: Listening on /dev/initctl Compatibility Named Pipe.
[[0;32m  OK  [0m] Listening on /dev/initctl Compatibility Named Pipe.
[    7.395337] systemd[1]: Listening on LVM2 metadata daemon socket.
[[0;32m  OK  [0m] Listening on LVM2 metadata daemon socket.
[    7.399314] systemd[1]: Listening on udev Kernel Socket.
[[0;32m  OK  [0m] Listening on udev Kernel Socket.
[    7.402993] systemd[1]: Listening on Journal Socket.
[[0;32m  OK  [0m] Listening on Journal Socket.
[    7.421087] systemd[1]: Starting Uncomplicated firewall...
         Starting Uncomplicated firewall...
[    7.426299] systemd[1]: Starting Create list of required static device nodes for the current kernel...
         Starting Create list of required st... nodes for the current kernel...
[    7.438413] systemd[1]: Mounting POSIX Message Queue File System...
         Mounting POSIX Message Queue File System...
[    7.505276] systemd[1]: Starting Load Kernel Modules...
         Starting Load Kernel Modules...
[    7.510652] systemd[1]: Mounting Huge Pages File System...
         Mounting Huge Pages File System...
[    7.516070] systemd[1]: Starting Nameserver information manager...
         Starting Nameserver information manager...
[    7.520083] systemd[1]: Listening on fsck to fsckd communication Socket.
[[0;32m  OK  [0m] Listening on fsck to fsckd communication Socket.
[    7.525559] systemd[1]: Starting File System Check on Root Device...
         Starting File System Check on Root Device...
[    7.530200] systemd[1]: Set up automount Arbitrary Executable File Formats File System Automount Point.
[[0;32m  OK  [0m] Set up automount Arbitrary Executab...ats File System Automount Point.
[    7.535498] systemd[1]: Listening on udev Control Socket.
[[0;32m  OK  [0m] Listening on udev Control Socket.
[    7.539504] systemd[1]: Listening on Journal Audit Socket.
[[0;32m  OK  [0m] Listening on Journal Audit Socket.
[    7.543620] systemd[1]: Listening on Journal Socket (/dev/log).
[[0;32m  OK  [0m] Listening on Journal Socket (/dev/log).
[    7.564807] systemd[1]: Starting Journal Service...
         Starting Journal Service...
[    7.568541] systemd[1]: Reached target Slices.
[[0;32m  OK  [0m] Reached target Slices.
[    7.585154] systemd[1]: Mounting Debug File System...
         Mounting Debug File System...
[    7.588600] systemd[1]: Listening on Device-mapper event daemon FIFOs.
[[0;32m  OK  [0m] Listening on Device-mapper event daemon FIFOs.
[    7.597868] systemd[1]: Starting Monitoring of LVM2 mirrors, snapshots etc. using dmeventd or progress polling...
[    7.602461] Loading iSCSI transport class v2.0-870.
         Starting Monitoring of LVM2 mirrors... dmeventd or progress polling...
[    7.606734] systemd[1]: Starting Set console keymap...
         Starting Set console keymap...
[    7.610125] systemd[1]: Reached target System Time Synchronized.
[[0;32m  OK  [0m] Reached target System Time Synchronized.
[    7.616334] systemd[1]: Mounted Huge Pages File System.
[[0;32m  OK  [0m] Mounted Huge Pages File System.
[    7.619850] systemd[1]: Mounted POSIX Message Queue File System.
[[0;32m  OK  [0m] Mounted POSIX Message Queue File System.
[    7.624045] systemd[1]: Mounted Debug File System.
[[0;32m  OK  [0m] Mounted Debug File System.
[    7.632457] iscsi: registered transport (tcp)
[    7.633313] systemd[1]: Started Uncomplicated firewall.
[[0;32m  OK  [0m] Started Uncomplicated firewall.
[    7.639367] systemd[1]: Started Create list of required static device nodes for the current kernel.
[[0;32m  OK  [0m] Started Create list of required sta...ce nodes for the current kernel.
[    7.661414] systemd[1]: Started File System Check Daemon to report status.
[[0;32m  OK  [0m] Started File System Check Daemon to report status.
[    7.668456] systemd[1]: Starting Create Static Device Nodes in /dev...
         Starting Create Static Device Nodes in /dev...
[    7.712473] systemd[1]: Started Nameserver information manager.
[[0;32m  OK  [0m] Started Nameserver information manager.
[    7.811243] systemd[1]: Started Set console keymap.
[[0;32m  OK  [0m] Started Set console keymap.
[    7.820884] iscsi: registered transport (iser)
[    7.823824] systemd[1]: Started Load Kernel Modules.
[[0;32m  OK  [0m] Started Load Kernel Modules.
[    7.847077] systemd[1]: Starting Apply Kernel Variables...
         Starting Apply Kernel Variables...
[    7.852148] systemd[1]: Mounting FUSE Control File System...
         Mounting FUSE Control File System...
[    7.858959] systemd[1]: Mounted FUSE Control File System.
[[0;32m  OK  [0m] Mounted FUSE Control File System.
[    7.868114] systemd[1]: Started LVM2 metadata daemon.
[[0;32m  OK  [0m] Started LVM2 metadata daemon.
[    7.873307] systemd[1]: Started File System Check on Root Device.
[[0;32m  OK  [0m] Started File System Check on Root Device.
[    7.878637] systemd[1]: Starting Remount Root and Kernel File Systems...
         Starting Remount Root and Kernel File Systems...
[    7.897345] systemd[1]: Started Journal Service.
[[0;32m  OK  [0m] Started Journal Service.
[    7.909307] EXT4-fs (sda1): re-mounted. Opts: (null)
[[0;32m  OK  [0m] Started Remount Root and Kernel File Systems.
         Starting Flush Journal to Persistent Storage...
         Starting udev Coldplug all Devices...
         Starting Load/Save Random Seed...
[[0;32m  OK  [0m] Started Apply Kernel Variables.
[[0;32m  OK  [0m] Started Flush Journal to Persistent Storage.
[[0;32m  OK  [0m] Started Load/Save Random Seed.
[[0;32m  OK  [0m] Started Create Static Device Nodes in /dev.
         Starting udev Kernel Device Manager...
[[0;32m  OK  [0m] Started udev Coldplug all Devices.
[[0;32m  OK  [0m] Started Monitoring of LVM2 mirrors,...ng dmeventd or progress polling.
[[0;32m  OK  [0m] Reached target Local File Systems (Pre).
[[0;32m  OK  [0m] Reached target Local File Systems.
         Starting LSB: AppArmor initialization...
         Starting Set console font and keymap...
         Starting Initial cloud-init job (pre-networking)...
         Starting Tell Plymouth To Write Out Runtime Data...
         Starting Create Volatile Files and Directories...
[[0;32m  OK  [0m] Started Create Volatile Files and Directories.
         Starting Update UTMP about System Boot/Shutdown...
[[0;32m  OK  [0m] Started Tell Plymouth To Write Out Runtime Data.
[[0;32m  OK  [0m] Started udev Kernel Device Manager.
[[0;32m  OK  [0m] Started Dispatch Password Requests to Console Directory Watch.
[[0;32m  OK  [0m] Started Update UTMP about System Boot/Shutdown.
[[0;32m  OK  [0m] Found device /dev/ttyS0.
[[0;32m  OK  [0m] Listening on Load/Save RF Kill Switch Status /dev/rfkill Watch.
[[0;32m  OK  [0m] Found device 82540EM Gigabit Ethern...r (PRO/1000 MT Desktop Adapter).
[[0;32m  OK  [0m] Started LSB: AppArmor initialization.
[[0;32m  OK  [0m] Found device 82540EM Gigabit Ethern...r (PRO/1000 MT Desktop Adapter).
         Starting Load AppArmor profiles managed internally by snapd...
[[0;32m  OK  [0m] Started Load AppArmor profiles managed internally by snapd.
[[0;32m  OK  [0m] Started Set console font and keymap.
[[0;32m  OK  [0m] Created slice system-getty.slice.
[   11.717529] cloud-init[487]: Cloud-init v. 21.1-19-gbad84ad4-0ubuntu1~16.04.2 running 'init-local' at Tue, 16 Aug 2022 08:15:23 +0000. Up 11.16 seconds.
[[0;32m  OK  [0m] Started Initial cloud-init job (pre-networking).
[[0;32m  OK  [0m] Reached target Network (Pre).
         Starting Raise network interfaces...
[[0;32m  OK  [0m] Started ifup for enp0s8.
[[0;32m  OK  [0m] Started ifup for enp0s3.
[[0;32m  OK  [0m] Started Raise network interfaces.
         Starting Initial cloud-init job (metadata service crawler)...
[[0;32m  OK  [0m] Reached target Network.
[   13.355540] cloud-init[1091]: Cloud-init v. 21.1-19-gbad84ad4-0ubuntu1~16.04.2 running 'init' at Tue, 16 Aug 2022 08:15:25 +0000. Up 12.69 seconds.
[   13.360502] cloud-init[1091]: ci-info: ++++++++++++++++++++++++++++++++++++++Net device info+++++++++++++++++++++++++++++++++++++++
[   13.364087] cloud-init[1091]: ci-info: +--------+------+-----------------------------+---------------+--------+-------------------+
[   13.367203] cloud-init[1091]: ci-info: | Device |  Up  |           Address           |      Mask     | Scope  |     Hw-Address    |
[   13.370168] cloud-init[1091]: ci-info: +--------+------+-----------------------------+---------------+--------+-------------------+
[   13.374390] cloud-init[1091]: ci-info: | enp0s3 | True |          10.0.2.15          | 255.255.255.0 | global | 02:be:82:6b:cc:1d |
[   13.377722] cloud-init[1091]: ci-info: | enp0s3 | True |  fe80::be:82ff:fe6b:cc1d/64 |       .       |  link  | 02:be:82:6b:cc:1d |
[   13.380897] cloud-init[1091]: ci-info: | enp0s8 | True |        192.168.10.100       | 255.255.255.0 | global | 08:00:27:0d:5e:56 |
[   13.383771] cloud-init[1091]: ci-info: | enp0s8 | True | fe80::a00:27ff:fe0d:5e56/64 |       .       |  link  | 08:00:27:0d:5e:56 |
[   13.388832] cloud-init[1091]: ci-info: |   lo   | True |          127.0.0.1          |   255.0.0.0   |  host  |         .         |
[   13.393451] cloud-init[1091]: ci-info: |   lo   | True |           ::1/128           |       .       |  host  |         .         |
[   13.396777] cloud-init[1091]: ci-info: +--------+------+-----------------------------+---------------+--------+-------------------+
[   13.401722] cloud-init[1091]: ci-info: ++++++++++++++++++++++++++++Route IPv4 info++++++++++++++++++++++++++++
[   13.413009] cloud-init[1091]: ci-info: +-------+--------------+----------+---------------+-----------+-------+
[   13.417688] cloud-init[1091]: ci-info: | Route | Destination  | Gateway  |    Genmask    | Interface | Flags |
[   13.424716] cloud-init[1091]: ci-info: +-------+--------------+----------+---------------+-----------+-------+
[   13.428439] cloud-init[1091]: ci-info: |   0   |   0.0.0.0    | 10.0.2.2 |    0.0.0.0    |   enp0s3  |   UG  |
[   13.432729] cloud-init[1091]: ci-info: |   1   |   10.0.2.0   | 0.0.0.0  | 255.255.255.0 |   enp0s3  |   U   |
[   13.437727] cloud-init[1091]: ci-info: |   2   | 192.168.10.0 | 0.0.0.0  | 255.255.255.0 |   enp0s8  |   U   |
[   13.441739] cloud-init[1091]: ci-info: +-------+--------------+----------+---------------+-----------+-------+
[   13.445423] cloud-init[1091]: ci-info: +++++++++++++++++++Route IPv6 info+++++++++++++++++++
[   13.447909] cloud-init[1091]: ci-info: +-------+-------------+---------+-----------+-------+
[   13.456893] cloud-init[1091]: ci-info: | Route | Destination | Gateway | Interface | Flags |[[0;32m  OK  [0m] Started Initial cloud-init job (metadata service crawler).
[[0;32m  OK  [0m] Reached target System Initialization.
[[0;32m  OK  [0m] Listening on UUID daemon activation socket.

[   13.463486] cloud-init[1091]: ci-info: +-------+-------------+---------+-----------+-------+
[   13.476452] [[0;32m  OK  [0m] Started Message of the Day.
cloud-init[1091]: ci-info: |   0   |  fe80::/64  |    ::   |   enp0s8  |   U   |
[   13.479224] cloud-init[1091]: ci-info: |   1   |  fe80::/64  |    ::   |   enp0s3  |   U   |
[   13.481774] cloud-init[1091]: ci-info: |   4   |   ff00::/8  |    ::   |   enp0s8  |   U   |
[   13.484088] cloud-init[1091]: ci-info: |   5   |   ff00::/8  |    ::   |   enp0s3  |   U   |
[   13.486307] cloud-init[1091]: ci-info: +-------+-------------+---------+-----------+-------+
[[0;32m  OK  [0m] Started ACPI Events Check.
[[0;32m  OK  [0m] Reached target Paths.
         Starting LXD - unix socket.
[[0;32m  OK  [0m] Started Daily apt download activities.
[[0;32m  OK  [0m] Started Daily Cleanup of Temporary Directories.
[[0;32m  OK  [0m] Listening on D-Bus System Message Bus Socket.
         Starting Socket activation for snappy daemon.
[[0;32m  OK  [0m] Started Ubuntu Advantage Timer for running repeated jobs.
[[0;32m  OK  [0m] Listening on ACPID Listen Socket.
[[0;32m  OK  [0m] Started Daily apt upgrade and clean activities.
[[0;32m  OK  [0m] Reached target Timers.
[[0;32m  OK  [0m] Reached target Network is Online.
         Starting iSCSI initiator daemon (iscsid)...
[[0;32m  OK  [0m] Reached target Cloud-config availability.
[[0;32m  OK  [0m] Listening on LXD - unix socket.
[[0;32m  OK  [0m] Listening on Socket activation for snappy daemon.
[[0;32m  OK  [0m] Reached target Sockets.
[[0;32m  OK  [0m] Reached target Basic System.
[[0;32m  OK  [0m] Started ACPI event daemon.
[[0;32m  OK  [0m] Started D-Bus System Message Bus.
[[0;32m  OK  [0m] Started Regular background program processing daemon.
         Starting LSB: Record successful boot for GRUB...
         Starting LSB: MD monitoring daemon...
[[0;32m  OK  [0m] Started FUSE filesystem for LXC.
         Starting Login Service...
         Starting System Logging Service...
         Starting OpenBSD Secure Shell server...
         Starting Accounts Service...
[[0;32m  OK  [0m] Started Deferred execution scheduler.
         Starting /etc/rc.local Compatibility...
         Starting Snap Daemon...
         Starting Virtualbox guest utils...
         Starting LXD - container startup/shutdown...
[[0;32m  OK  [0m] Started iSCSI initiator daemon (iscsid).
[[0;32m  OK  [0m] Started /etc/rc.local Compatibility.
         Starting Login to default iSCSI targets...
[[0;32m  OK  [0m] Started Login Service.
[[0;32m  OK  [0m] Started Unattended Upgrades Shutdown.
[[0;32m  OK  [0m] Started Login to default iSCSI targets.
[[0;32m  OK  [0m] Reached target Remote File Systems (Pre).
         Mounting /home/vagrant/app...
[[0;32m  OK  [0m] Started LSB: MD monitoring daemon.
[[0;32m  OK  [0m] Started System Logging Service.
[[0;1;31mFAILED[0m] Failed to mount /home/vagrant/app.
See 'systemctl status home-vagrant-app.mount' for details.
[[0;1;33mDEPEND[0m] Dependency failed for Remote File Systems.
         Starting LSB: daemon to balance interrupts for SMP systems...
         Starting Permit User Sessions...
         Starting LSB: Set the CPU Frequency Scaling governor to "ondemand"...
         Starting LSB: automatic crash report generation...
[[0;32m  OK  [0m] Started LSB: Set the CPU Frequency Scaling governor to "ondemand".
[[0;32m  OK  [0m] Started LSB: automatic crash report generation.
[[0;32m  OK  [0m] Started Permit User Sessions.
         Starting Terminate Plymouth Boot Screen...
         Starting Hold until boot process finishes up...
[[0;32m  OK  [0m] Started LSB: Record successful boot for GRUB.
[[0;32m  OK  [0m] Started Hold until boot process finishes up.
[[0;32m  OK  [0m] Started Serial Getty on ttyS0.
[[0;32m  OK  [0m] Started Getty on tty1.
[[0;32m  OK  [0m] Reached target Login Prompts.
         Starting Set console scheme...
[[0;32m  OK  [0m] Started Terminate Plymouth Boot Screen.
[[0;32m  OK  [0m] Started LSB: daemon to balance interrupts for SMP systems.
[[0;32m  OK  [0m] Started Set console scheme.
         Starting Authenticate and Authorize Users to Run Privileged Tasks...
[[0;32m  OK  [0m] Started OpenBSD Secure Shell server.
[[0;32m  OK  [0m] Started Virtualbox guest utils.
[[0;32m  OK  [0m] Started Authenticate and Authorize Users to Run Privileged Tasks.
[[0;32m  OK  [0m] Started Accounts Service.
[[0;32m  OK  [0m] Started LXD - container startup/shutdown.
[[0;32m  OK  [0m] Created slice User Slice of vagrant.
         Starting User Manager for UID 1000...
[[0;32m  OK  [0m] Started Session 1 of user vagrant.
[[0;32m  OK  [0m] Started User Manager for UID 1000.
[[0;32m  OK  [0m] Started Snap Daemon.
         Starting Wait until snapd is fully seeded...
[[0;32m  OK  [0m] Started Wait until snapd is fully seeded.
         Starting Apply the settings specified in cloud-config...
[   16.774674] cloud-init[1377]: Cloud-init v. 21.1-19-gbad84ad4-0ubuntu1~16.04.2 running 'modules:config' at Tue, 16 Aug 2022 08:15:29 +0000. Up 16.56 seconds.
[[0;32m  OK  [0m] Started Apply the settings specified in cloud-config.
         Starting cloud-id shim...
[[0;32m  OK  [0m] Started cloud-id shim.
[[0;32m  OK  [0m] Reached target Multi-User System.
[[0;32m  OK  [0m] Reached target Graphical Interface.
         Starting Execute cloud user/final scripts...
         Starting Update UTMP about System Runlevel Changes...
[[0;32m  OK  [0m] Started Update UTMP about System Runlevel Changes.
[   18.081405] cloud-init[1441]: Cloud-init v. 21.1-19-gbad84ad4-0ubuntu1~16.04.2 running 'modules:final' at Tue, 16 Aug 2022 08:15:30 +0000. Up 17.77 seconds.
[   18.084908] cloud-init[1441]: Cloud-init v. 21.1-19-gbad84ad4-0ubuntu1~16.04.2 finished at Tue, 16 Aug 2022 08:15:30 +0000. Datasource DataSourceNoCloud [seed=/dev/sdb][dsmode=net].  Up 18.06 seconds
[[0;32m  OK  [0m] Started Execute cloud user/final scripts.
         Starting Daily apt download activities...
[[0;32m  OK  [0m] Reached target Cloud-init target.

Ubuntu 16.04.7 LTS ubuntu-xenial ttyS0

ubuntu-xenial login: [33625.204201] e1000 0000:00:03.0 enp0s3: Detected Tx Unit Hang
[33625.204201]   Tx Queue             <0>
[33625.204201]   TDH                  <aa>
[33625.204201]   TDT                  <b2>
[33625.204201]   next_to_use          <b2>
[33625.204201]   next_to_clean        <aa>
[33625.204201] buffer_info[next_to_clean]
[33625.204201]   time_stamp           <1007f1f32>
[33625.204201]   next_to_watch        <ab>
[33625.204201]   jiffies              <1007f212c>
[33625.204201]   next_to_watch.status <0>
[33722.382315] sd 2:0:0:0: [sda] tag#1 Medium access timeout failure. Offlining disk!
[33732.503335] blk_update_request: I/O error, dev sda, sector 3112960
[33732.505009] Buffer I/O error on device sda1, logical block 388864
[33732.506687] Buffer I/O error on device sda1, logical block 388865
[33732.508505] Buffer I/O error on device sda1, logical block 388866
[33732.510357] Buffer I/O error on device sda1, logical block 388867
[33732.512065] Buffer I/O error on device sda1, logical block 388868
[33732.513817] Buffer I/O error on device sda1, logical block 388869
[33732.515509] Buffer I/O error on device sda1, logical block 388870
[33732.517381] Buffer I/O error on device sda1, logical block 388871
[33732.753431] Buffer I/O error on device sda1, logical block 388872
[33732.755845] Buffer I/O error on device sda1, logical block 388873
[33732.758476] sd 2:0:0:0: rejecting I/O to offline device
[33732.760393] sd 2:0:0:0: rejecting I/O to offline device
[33732.762652] sd 2:0:0:0: rejecting I/O to offline device
[33732.764874] sd 2:0:0:0: rejecting I/O to offline device
[33732.766629] sd 2:0:0:0: rejecting I/O to offline device
[33732.768652] sd 2:0:0:0: rejecting I/O to offline device
[33732.770440] sd 2:0:0:0: rejecting I/O to offline device
[33732.772170] sd 2:0:0:0: rejecting I/O to offline device
[33732.773836] sd 2:0:0:0: rejecting I/O to offline device
[33732.775610] sd 2:0:0:0: rejecting I/O to offline device
[33732.777569] sd 2:0:0:0: rejecting I/O to offline device
[33732.779380] sd 2:0:0:0: rejecting I/O to offline device
[33732.781173] sd 2:0:0:0: rejecting I/O to offline device
[33732.782878] sd 2:0:0:0: rejecting I/O to offline device
[33732.784561] sd 2:0:0:0: rejecting I/O to offline device
[33732.786420] sd 2:0:0:0: rejecting I/O to offline device
[33732.788149] sd 2:0:0:0: rejecting I/O to offline device
[33732.789840] sd 2:0:0:0: rejecting I/O to offline device
[33732.791701] sd 2:0:0:0: rejecting I/O to offline device
[33732.793450] sd 2:0:0:0: rejecting I/O to offline device
[33732.795273] sd 2:0:0:0: rejecting I/O to offline device
[33732.796984] sd 2:0:0:0: rejecting I/O to offline device
[33732.798759] sd 2:0:0:0: rejecting I/O to offline device
[33732.800483] sd 2:0:0:0: rejecting I/O to offline device
[33732.802143] sd 2:0:0:0: rejecting I/O to offline device
[33732.803812] sd 2:0:0:0: rejecting I/O to offline device
[33732.805454] sd 2:0:0:0: rejecting I/O to offline device
[33732.807264] sd 2:0:0:0: rejecting I/O to offline device
[33732.808999] sd 2:0:0:0: rejecting I/O to offline device
[33732.810862] sd 2:0:0:0: rejecting I/O to offline device
[33732.812583] sd 2:0:0:0: rejecting I/O to offline device
[33732.814359] sd 2:0:0:0: rejecting I/O to offline device
[33732.815925] sd 2:0:0:0: rejecting I/O to offline device
[33732.817729] sd 2:0:0:0: rejecting I/O to offline device
[33732.819389] sd 2:0:0:0: rejecting I/O to offline device
[33732.820990] sd 2:0:0:0: rejecting I/O to offline device
[33732.822667] sd 2:0:0:0: rejecting I/O to offline device
[33732.824358] sd 2:0:0:0: rejecting I/O to offline device
[33732.825917] sd 2:0:0:0: rejecting I/O to offline device
[33732.827650] sd 2:0:0:0: rejecting I/O to offline device
[33732.829248] sd 2:0:0:0: rejecting I/O to offline device
[33732.830902] sd 2:0:0:0: rejecting I/O to offline device
[33732.832651] sd 2:0:0:0: rejecting I/O to offline device
[33732.834277] sd 2:0:0:0: rejecting I/O to offline device
[33732.835838] sd 2:0:0:0: rejecting I/O to offline device
[33732.837641] sd 2:0:0:0: rejecting I/O to offline device
[33732.839309] sd 2:0:0:0: rejecting I/O to offline device
[33732.840931] sd 2:0:0:0: rejecting I/O to offline device
[33732.842543] sd 2:0:0:0: rejecting I/O to offline device
[33732.844249] sd 2:0:0:0: rejecting I/O to offline device
[33732.845869] sd 2:0:0:0: rejecting I/O to offline device
[33732.847624] sd 2:0:0:0: rejecting I/O to offline device
[33732.849270] sd 2:0:0:0: rejecting I/O to offline device
[33732.850878] sd 2:0:0:0: rejecting I/O to offline device
[33732.852541] sd 2:0:0:0: rejecting I/O to offline device
[33732.854247] sd 2:0:0:0: rejecting I/O to offline device
[33732.855899] sd 2:0:0:0: rejecting I/O to offline device
[33732.857655] sd 2:0:0:0: rejecting I/O to offline device
[33732.859306] sd 2:0:0:0: rejecting I/O to offline device
[33732.861046] blk_update_request: I/O error, dev sda, sector 3303424
[33732.862751] sd 2:0:0:0: rejecting I/O to offline device
[33732.865767] blk_update_request: I/O error, dev sda, sector 3110912
[33732.868406] blk_update_request: I/O error, dev sda, sector 3108864
[33732.870898] blk_update_request: I/O error, dev sda, sector 3106816
[33732.872915] blk_update_request: I/O error, dev sda, sector 3104768
[33732.875369] blk_update_request: I/O error, dev sda, sector 3102720
[33732.877504] blk_update_request: I/O error, dev sda, sector 3100672
[33732.879696] blk_update_request: I/O error, dev sda, sector 3098624
[33732.881875] blk_update_request: I/O error, dev sda, sector 3096576
[33732.886774] Aborting journal on device sda1-8.
[33732.888440] sd 2:0:0:0: rejecting I/O to offline device
[33732.890331] JBD2: Error -5 detected when updating journal superblock for sda1-8.
[33732.893302] sd 2:0:0:0: rejecting I/O to offline device
[33732.895446] sd 2:0:0:0: rejecting I/O to offline device
[33732.895680] EXT4-fs error (device sda1): ext4_journal_check_start:56: Detected aborted journal
[33732.895681] EXT4-fs (sda1): Remounting filesystem read-only
[33732.895683] EXT4-fs (sda1): previous I/O error to superblock detected
[33732.904085] sd 2:0:0:0: rejecting I/O to offline device
[33732.906144] sd 2:0:0:0: rejecting I/O to offline device
[33733.948761] sd 2:0:0:0: rejecting I/O to offline device
[33733.950489] EXT4-fs error (device sda1): ext4_find_entry:1439: inode #32618: comm unattended-upgr: reading directory lblock 0
[33733.954220] EXT4-fs (sda1): previous I/O error to superblock detected
[33733.956762] sd 2:0:0:0: rejecting I/O to offline device
[33733.958584] sd 2:0:0:0: rejecting I/O to offline device
[33733.960590] EXT4-fs error (device sda1): ext4_find_entry:1439: inode #32618: comm unattended-upgr: reading directory lblock 0
[33733.964155] EXT4-fs (sda1): previous I/O error to superblock detected
[33733.966052] sd 2:0:0:0: rejecting I/O to offline device
[33733.968000] sd 2:0:0:0: rejecting I/O to offline device
[33733.969711] EXT4-fs error (device sda1): ext4_find_entry:1439: inode #32618: comm unattended-upgr: reading directory lblock 0
[33733.973221] EXT4-fs (sda1): previous I/O error to superblock detected
[33733.975255] sd 2:0:0:0: rejecting I/O to offline device
[33733.977127] sd 2:0:0:0: rejecting I/O to offline device
[33733.978727] EXT4-fs error (device sda1): ext4_find_entry:1439: inode #32618: comm unattended-upgr: reading directory lblock 0
[33733.982312] EXT4-fs (sda1): previous I/O error to superblock detected
[33733.984408] sd 2:0:0:0: rejecting I/O to offline device
[33733.986212] sd 2:0:0:0: rejecting I/O to offline device
[33734.668151] EXT4-fs error (device sda1): ext4_find_entry:1439: inode #32618: comm unattended-upgr: reading directory lblock 0
[33734.671960] EXT4-fs (sda1): previous I/O error to superblock detected
[33734.674181] sd 2:0:0:0: rejecting I/O to offline device
[33734.676622] sd 2:0:0:0: rejecting I/O to offline device
[33734.680468] sd 2:0:0:0: rejecting I/O to offline device
[33734.682186] sd 2:0:0:0: rejecting I/O to offline device
[33734.683921] sd 2:0:0:0: rejecting I/O to offline device
[33734.686275] sd 2:0:0:0: rejecting I/O to offline device
[33734.688177] sd 2:0:0:0: rejecting I/O to offline device
[33734.690146] sd 2:0:0:0: rejecting I/O to offline device
[33734.692088] sd 2:0:0:0: rejecting I/O to offline device
[33734.694510] sd 2:0:0:0: rejecting I/O to offline device
[33734.696498] sd 2:0:0:0: rejecting I/O to offline device
[33734.698474] sd 2:0:0:0: rejecting I/O to offline device
[33734.700398] sd 2:0:0:0: rejecting I/O to offline device
[33734.702063] sd 2:0:0:0: rejecting I/O to offline device
[33734.703652] sd 2:0:0:0: rejecting I/O to offline device
[33734.705432] sd 2:0:0:0: rejecting I/O to offline device
[33734.709575] sd 2:0:0:0: rejecting I/O to offline device
[33734.711280] sd 2:0:0:0: rejecting I/O to offline device
[33734.713121] sd 2:0:0:0: rejecting I/O to offline device
[33734.714862] sd 2:0:0:0: rejecting I/O to offline device
[33734.716621] sd 2:0:0:0: rejecting I/O to offline device
[33734.718494] sd 2:0:0:0: rejecting I/O to offline device
[33734.720299] sd 2:0:0:0: rejecting I/O to offline device
[33734.722087] sd 2:0:0:0: rejecting I/O to offline device
[33734.723945] sd 2:0:0:0: rejecting I/O to offline device
[33734.786614] sd 2:0:0:0: rejecting I/O to offline device
